/usr/bin/cmake -S/home/abhijeet/home/abhijeet/ros2_ws/src/rover_sw_pwrtrain -B/home/abhijeet/home/abhijeet/ros2_ws/src/build/rover_sw_pwrtrain --check-build-system CMakeFiles/Makefile.cmake 0
/usr/bin/cmake -E cmake_progress_start /home/abhijeet/home/abhijeet/ros2_ws/src/build/rover_sw_pwrtrain/CMakeFiles /home/abhijeet/home/abhijeet/ros2_ws/src/build/rover_sw_pwrtrain//CMakeFiles/progress.marks
/usr/bin/gmake  -f CMakeFiles/Makefile2 all
gmake[1]: Entering directory '/home/abhijeet/home/abhijeet/ros2_ws/src/build/rover_sw_pwrtrain'
/usr/bin/gmake  -f CMakeFiles/rover_sw_pwrtrain.dir/build.make CMakeFiles/rover_sw_pwrtrain.dir/depend
gmake[2]: Entering directory '/home/abhijeet/home/abhijeet/ros2_ws/src/build/rover_sw_pwrtrain'
cd /home/abhijeet/home/abhijeet/ros2_ws/src/build/rover_sw_pwrtrain && /usr/bin/cmake -E cmake_depends "Unix Makefiles" /home/abhijeet/home/abhijeet/ros2_ws/src/rover_sw_pwrtrain /home/abhijeet/home/abhijeet/ros2_ws/src/rover_sw_pwrtrain /home/abhijeet/home/abhijeet/ros2_ws/src/build/rover_sw_pwrtrain /home/abhijeet/home/abhijeet/ros2_ws/src/build/rover_sw_pwrtrain /home/abhijeet/home/abhijeet/ros2_ws/src/build/rover_sw_pwrtrain/CMakeFiles/rover_sw_pwrtrain.dir/DependInfo.cmake --color=
[35m[1mConsolidate compiler generated dependencies of target rover_sw_pwrtrain[0m
gmake[2]: Leaving directory '/home/abhijeet/home/abhijeet/ros2_ws/src/build/rover_sw_pwrtrain'
/usr/bin/gmake  -f CMakeFiles/rover_sw_pwrtrain.dir/build.make CMakeFiles/rover_sw_pwrtrain.dir/build
gmake[2]: Entering directory '/home/abhijeet/home/abhijeet/ros2_ws/src/build/rover_sw_pwrtrain'
gmake[2]: Nothing to be done for 'CMakeFiles/rover_sw_pwrtrain.dir/build'.
gmake[2]: Leaving directory '/home/abhijeet/home/abhijeet/ros2_ws/src/build/rover_sw_pwrtrain'
[100%] Built target rover_sw_pwrtrain
gmake[1]: Leaving directory '/home/abhijeet/home/abhijeet/ros2_ws/src/build/rover_sw_pwrtrain'
/usr/bin/cmake -E cmake_progress_start /home/abhijeet/home/abhijeet/ros2_ws/src/build/rover_sw_pwrtrain/CMakeFiles 0
-- Install configuration: "Release"
-- Up-to-date: /home/abhijeet/home/abhijeet/ros2_ws/src/install/rover_sw_pwrtrain/lib/rover_sw_pwrtrain/rover_sw_pwrtrain
-- Up-to-date: /home/abhijeet/home/abhijeet/ros2_ws/src/install/rover_sw_pwrtrain/share/ament_index/resource_index/package_run_dependencies/rover_sw_pwrtrain
-- Up-to-date: /home/abhijeet/home/abhijeet/ros2_ws/src/install/rover_sw_pwrtrain/share/ament_index/resource_index/parent_prefix_path/rover_sw_pwrtrain
-- Up-to-date: /home/abhijeet/home/abhijeet/ros2_ws/src/install/rover_sw_pwrtrain/share/rover_sw_pwrtrain/environment/ament_prefix_path.sh
-- Up-to-date: /home/abhijeet/home/abhijeet/ros2_ws/src/install/rover_sw_pwrtrain/share/rover_sw_pwrtrain/environment/ament_prefix_path.dsv
-- Up-to-date: /home/abhijeet/home/abhijeet/ros2_ws/src/install/rover_sw_pwrtrain/share/rover_sw_pwrtrain/environment/path.sh
-- Up-to-date: /home/abhijeet/home/abhijeet/ros2_ws/src/install/rover_sw_pwrtrain/share/rover_sw_pwrtrain/environment/path.dsv
-- Up-to-date: /home/abhijeet/home/abhijeet/ros2_ws/src/install/rover_sw_pwrtrain/share/rover_sw_pwrtrain/local_setup.bash
-- Up-to-date: /home/abhijeet/home/abhijeet/ros2_ws/src/install/rover_sw_pwrtrain/share/rover_sw_pwrtrain/local_setup.sh
-- Up-to-date: /home/abhijeet/home/abhijeet/ros2_ws/src/install/rover_sw_pwrtrain/share/rover_sw_pwrtrain/local_setup.zsh
-- Up-to-date: /home/abhijeet/home/abhijeet/ros2_ws/src/install/rover_sw_pwrtrain/share/rover_sw_pwrtrain/local_setup.dsv
-- Installing: /home/abhijeet/home/abhijeet/ros2_ws/src/install/rover_sw_pwrtrain/share/rover_sw_pwrtrain/package.dsv
-- Up-to-date: /home/abhijeet/home/abhijeet/ros2_ws/src/install/rover_sw_pwrtrain/share/ament_index/resource_index/packages/rover_sw_pwrtrain
-- Up-to-date: /home/abhijeet/home/abhijeet/ros2_ws/src/install/rover_sw_pwrtrain/share/rover_sw_pwrtrain/cmake/ament_cmake_export_include_directories-extras.cmake
-- Up-to-date: /home/abhijeet/home/abhijeet/ros2_ws/src/install/rover_sw_pwrtrain/share/rover_sw_pwrtrain/cmake/rover_sw_pwrtrainConfig.cmake
-- Up-to-date: /home/abhijeet/home/abhijeet/ros2_ws/src/install/rover_sw_pwrtrain/share/rover_sw_pwrtrain/cmake/rover_sw_pwrtrainConfig-version.cmake
-- Up-to-date: /home/abhijeet/home/abhijeet/ros2_ws/src/install/rover_sw_pwrtrain/share/rover_sw_pwrtrain/package.xml
