[0.070s] Invoking command in '/home/abhijeet/home/abhijeet/ros2_ws/src/build/rover_sw_pwrtrain': CMAKE_PREFIX_PATH=${CMAKE_PREFIX_PATH}:/opt/ros/humble /usr/bin/cmake --build /home/abhijeet/home/abhijeet/ros2_ws/src/build/rover_sw_pwrtrain -- -j4 -l4
[0.179s] /usr/bin/cmake -S/home/abhijeet/home/abhijeet/ros2_ws/src/rover_sw_pwrtrain -B/home/abhijeet/home/abhijeet/ros2_ws/src/build/rover_sw_pwrtrain --check-build-system CMakeFiles/Makefile.cmake 0
[0.257s] /usr/bin/cmake -E cmake_progress_start /home/abhijeet/home/abhijeet/ros2_ws/src/build/rover_sw_pwrtrain/CMakeFiles /home/abhijeet/home/abhijeet/ros2_ws/src/build/rover_sw_pwrtrain//CMakeFiles/progress.marks
[0.322s] /usr/bin/gmake  -f CMakeFiles/Makefile2 all
[0.330s] gmake[1]: Entering directory '/home/abhijeet/home/abhijeet/ros2_ws/src/build/rover_sw_pwrtrain'
[0.331s] /usr/bin/gmake  -f CMakeFiles/rover_sw_pwrtrain.dir/build.make CMakeFiles/rover_sw_pwrtrain.dir/depend
[0.362s] gmake[2]: Entering directory '/home/abhijeet/home/abhijeet/ros2_ws/src/build/rover_sw_pwrtrain'
[0.366s] cd /home/abhijeet/home/abhijeet/ros2_ws/src/build/rover_sw_pwrtrain && /usr/bin/cmake -E cmake_depends "Unix Makefiles" /home/abhijeet/home/abhijeet/ros2_ws/src/rover_sw_pwrtrain /home/abhijeet/home/abhijeet/ros2_ws/src/rover_sw_pwrtrain /home/abhijeet/home/abhijeet/ros2_ws/src/build/rover_sw_pwrtrain /home/abhijeet/home/abhijeet/ros2_ws/src/build/rover_sw_pwrtrain /home/abhijeet/home/abhijeet/ros2_ws/src/build/rover_sw_pwrtrain/CMakeFiles/rover_sw_pwrtrain.dir/DependInfo.cmake --color=
[0.434s] [35m[1mConsolidate compiler generated dependencies of target rover_sw_pwrtrain[0m
[0.490s] gmake[2]: Leaving directory '/home/abhijeet/home/abhijeet/ros2_ws/src/build/rover_sw_pwrtrain'
[0.494s] /usr/bin/gmake  -f CMakeFiles/rover_sw_pwrtrain.dir/build.make CMakeFiles/rover_sw_pwrtrain.dir/build
[0.534s] gmake[2]: Entering directory '/home/abhijeet/home/abhijeet/ros2_ws/src/build/rover_sw_pwrtrain'
[0.534s] gmake[2]: Nothing to be done for 'CMakeFiles/rover_sw_pwrtrain.dir/build'.
[0.535s] gmake[2]: Leaving directory '/home/abhijeet/home/abhijeet/ros2_ws/src/build/rover_sw_pwrtrain'
[0.587s] [100%] Built target rover_sw_pwrtrain
[0.593s] gmake[1]: Leaving directory '/home/abhijeet/home/abhijeet/ros2_ws/src/build/rover_sw_pwrtrain'
[0.593s] /usr/bin/cmake -E cmake_progress_start /home/abhijeet/home/abhijeet/ros2_ws/src/build/rover_sw_pwrtrain/CMakeFiles 0
[0.638s] Invoked command in '/home/abhijeet/home/abhijeet/ros2_ws/src/build/rover_sw_pwrtrain' returned '0': CMAKE_PREFIX_PATH=${CMAKE_PREFIX_PATH}:/opt/ros/humble /usr/bin/cmake --build /home/abhijeet/home/abhijeet/ros2_ws/src/build/rover_sw_pwrtrain -- -j4 -l4
[0.688s] Invoking command in '/home/abhijeet/home/abhijeet/ros2_ws/src/build/rover_sw_pwrtrain': CMAKE_PREFIX_PATH=${CMAKE_PREFIX_PATH}:/opt/ros/humble /usr/bin/cmake --install /home/abhijeet/home/abhijeet/ros2_ws/src/build/rover_sw_pwrtrain
[0.726s] -- Install configuration: "Release"
[0.728s] -- Up-to-date: /home/abhijeet/home/abhijeet/ros2_ws/src/install/rover_sw_pwrtrain/lib/rover_sw_pwrtrain/rover_sw_pwrtrain
[0.729s] -- Up-to-date: /home/abhijeet/home/abhijeet/ros2_ws/src/install/rover_sw_pwrtrain/share/ament_index/resource_index/package_run_dependencies/rover_sw_pwrtrain
[0.730s] -- Up-to-date: /home/abhijeet/home/abhijeet/ros2_ws/src/install/rover_sw_pwrtrain/share/ament_index/resource_index/parent_prefix_path/rover_sw_pwrtrain
[0.731s] -- Up-to-date: /home/abhijeet/home/abhijeet/ros2_ws/src/install/rover_sw_pwrtrain/share/rover_sw_pwrtrain/environment/ament_prefix_path.sh
[0.731s] -- Up-to-date: /home/abhijeet/home/abhijeet/ros2_ws/src/install/rover_sw_pwrtrain/share/rover_sw_pwrtrain/environment/ament_prefix_path.dsv
[0.731s] -- Up-to-date: /home/abhijeet/home/abhijeet/ros2_ws/src/install/rover_sw_pwrtrain/share/rover_sw_pwrtrain/environment/path.sh
[0.732s] -- Up-to-date: /home/abhijeet/home/abhijeet/ros2_ws/src/install/rover_sw_pwrtrain/share/rover_sw_pwrtrain/environment/path.dsv
[0.733s] -- Up-to-date: /home/abhijeet/home/abhijeet/ros2_ws/src/install/rover_sw_pwrtrain/share/rover_sw_pwrtrain/local_setup.bash
[0.734s] -- Up-to-date: /home/abhijeet/home/abhijeet/ros2_ws/src/install/rover_sw_pwrtrain/share/rover_sw_pwrtrain/local_setup.sh
[0.734s] -- Up-to-date: /home/abhijeet/home/abhijeet/ros2_ws/src/install/rover_sw_pwrtrain/share/rover_sw_pwrtrain/local_setup.zsh
[0.735s] -- Up-to-date: /home/abhijeet/home/abhijeet/ros2_ws/src/install/rover_sw_pwrtrain/share/rover_sw_pwrtrain/local_setup.dsv
[0.736s] -- Installing: /home/abhijeet/home/abhijeet/ros2_ws/src/install/rover_sw_pwrtrain/share/rover_sw_pwrtrain/package.dsv
[0.738s] -- Up-to-date: /home/abhijeet/home/abhijeet/ros2_ws/src/install/rover_sw_pwrtrain/share/ament_index/resource_index/packages/rover_sw_pwrtrain
[0.740s] -- Up-to-date: /home/abhijeet/home/abhijeet/ros2_ws/src/install/rover_sw_pwrtrain/share/rover_sw_pwrtrain/cmake/ament_cmake_export_include_directories-extras.cmake
[0.741s] -- Up-to-date: /home/abhijeet/home/abhijeet/ros2_ws/src/install/rover_sw_pwrtrain/share/rover_sw_pwrtrain/cmake/rover_sw_pwrtrainConfig.cmake
[0.742s] -- Up-to-date: /home/abhijeet/home/abhijeet/ros2_ws/src/install/rover_sw_pwrtrain/share/rover_sw_pwrtrain/cmake/rover_sw_pwrtrainConfig-version.cmake
[0.743s] -- Up-to-date: /home/abhijeet/home/abhijeet/ros2_ws/src/install/rover_sw_pwrtrain/share/rover_sw_pwrtrain/package.xml
[0.754s] Invoked command in '/home/abhijeet/home/abhijeet/ros2_ws/src/build/rover_sw_pwrtrain' returned '0': CMAKE_PREFIX_PATH=${CMAKE_PREFIX_PATH}:/opt/ros/humble /usr/bin/cmake --install /home/abhijeet/home/abhijeet/ros2_ws/src/build/rover_sw_pwrtrain
