[0.325s] DEBUG:colcon:Command line arguments: ['/usr/bin/colcon', 'build', '--packages-select', 'rover_sw_pwrtrain']
[0.325s] DEBUG:colcon:Parsed command line arguments: Namespace(log_base=None, log_level=None, verb_name='build', build_base='build', install_base='install', merge_install=False, symlink_install=False, test_result_base=None, continue_on_error=False, executor='parallel', parallel_workers=6, event_handlers=None, ignore_user_meta=False, metas=['./colcon.meta'], base_paths=['.'], packages_ignore=None, packages_ignore_regex=None, paths=None, packages_up_to=None, packages_up_to_regex=None, packages_above=None, packages_above_and_dependencies=None, packages_above_depth=None, packages_select_by_dep=None, packages_skip_by_dep=None, packages_skip_up_to=None, packages_select_build_failed=False, packages_skip_build_finished=False, packages_select_test_failures=False, packages_skip_test_passed=False, packages_select=['rover_sw_pwrtrain'], packages_skip=None, packages_select_regex=None, packages_skip_regex=None, packages_start=None, packages_end=None, allow_overriding=[], cmake_args=None, cmake_target=None, cmake_target_skip_unavailable=False, cmake_clean_cache=False, cmake_clean_first=False, cmake_force_configure=False, ament_cmake_args=None, catkin_cmake_args=None, catkin_skip_building_tests=False, verb_parser=<colcon_defaults.argument_parser.defaults.DefaultArgumentsDecorator object at 0xffff8e4dad70>, verb_extension=<colcon_core.verb.build.BuildVerb object at 0xffff8e501cf0>, main=<bound method BuildVerb.main of <colcon_core.verb.build.BuildVerb object at 0xffff8e501cf0>>)
[0.645s] Level 1:colcon.colcon_core.package_discovery:discover_packages(colcon_meta) check parameters
[0.645s] Level 1:colcon.colcon_core.package_discovery:discover_packages(recursive) check parameters
[0.645s] Level 1:colcon.colcon_core.package_discovery:discover_packages(ignore) check parameters
[0.645s] Level 1:colcon.colcon_core.package_discovery:discover_packages(path) check parameters
[0.645s] Level 1:colcon.colcon_core.package_discovery:discover_packages(colcon_meta) discover
[0.646s] Level 1:colcon.colcon_core.package_discovery:discover_packages(recursive) discover
[0.646s] INFO:colcon.colcon_core.package_discovery:Crawling recursively for packages in '/home/abhijeet/home/abhijeet/ros2_ws/src'
[0.646s] Level 1:colcon.colcon_core.package_identification:_identify(.) by extensions ['ignore', 'ignore_ament_install']
[0.646s] Level 1:colcon.colcon_core.package_identification:_identify(.) by extension 'ignore'
[0.646s] Level 1:colcon.colcon_core.package_identification:_identify(.) by extension 'ignore_ament_install'
[0.646s] Level 1:colcon.colcon_core.package_identification:_identify(.) by extensions ['colcon_pkg']
[0.646s] Level 1:colcon.colcon_core.package_identification:_identify(.) by extension 'colcon_pkg'
[0.646s] Level 1:colcon.colcon_core.package_identification:_identify(.) by extensions ['colcon_meta']
[0.647s] Level 1:colcon.colcon_core.package_identification:_identify(.) by extension 'colcon_meta'
[0.647s] Level 1:colcon.colcon_core.package_identification:_identify(.) by extensions ['ros']
[0.647s] Level 1:colcon.colcon_core.package_identification:_identify(.) by extension 'ros'
[0.689s] Level 1:colcon.colcon_core.package_identification:_identify(.) by extensions ['cmake', 'python']
[0.689s] Level 1:colcon.colcon_core.package_identification:_identify(.) by extension 'cmake'
[0.689s] Level 1:colcon.colcon_core.package_identification:_identify(.) by extension 'python'
[0.689s] Level 1:colcon.colcon_core.package_identification:_identify(.) by extensions ['python_setup_py']
[0.689s] Level 1:colcon.colcon_core.package_identification:_identify(.) by extension 'python_setup_py'
[0.690s] Level 1:colcon.colcon_core.package_identification:_identify(build) by extensions ['ignore', 'ignore_ament_install']
[0.690s] Level 1:colcon.colcon_core.package_identification:_identify(build) by extension 'ignore'
[0.690s] Level 1:colcon.colcon_core.package_identification:_identify(build) ignored
[0.690s] Level 1:colcon.colcon_core.package_identification:_identify(gridrover_teleop) by extensions ['ignore', 'ignore_ament_install']
[0.690s] Level 1:colcon.colcon_core.package_identification:_identify(gridrover_teleop) by extension 'ignore'
[0.690s] Level 1:colcon.colcon_core.package_identification:_identify(gridrover_teleop) by extension 'ignore_ament_install'
[0.690s] Level 1:colcon.colcon_core.package_identification:_identify(gridrover_teleop) by extensions ['colcon_pkg']
[0.690s] Level 1:colcon.colcon_core.package_identification:_identify(gridrover_teleop) by extension 'colcon_pkg'
[0.691s] Level 1:colcon.colcon_core.package_identification:_identify(gridrover_teleop) by extensions ['colcon_meta']
[0.691s] Level 1:colcon.colcon_core.package_identification:_identify(gridrover_teleop) by extension 'colcon_meta'
[0.691s] Level 1:colcon.colcon_core.package_identification:_identify(gridrover_teleop) by extensions ['ros']
[0.691s] Level 1:colcon.colcon_core.package_identification:_identify(gridrover_teleop) by extension 'ros'
[0.703s] DEBUG:colcon.colcon_core.package_identification:Package 'gridrover_teleop' with type 'ros.ament_python' and name 'gridrover_teleop'
[0.703s] Level 1:colcon.colcon_core.package_identification:_identify(install) by extensions ['ignore', 'ignore_ament_install']
[0.704s] Level 1:colcon.colcon_core.package_identification:_identify(install) by extension 'ignore'
[0.704s] Level 1:colcon.colcon_core.package_identification:_identify(install) ignored
[0.704s] Level 1:colcon.colcon_core.package_identification:_identify(log) by extensions ['ignore', 'ignore_ament_install']
[0.704s] Level 1:colcon.colcon_core.package_identification:_identify(log) by extension 'ignore'
[0.704s] Level 1:colcon.colcon_core.package_identification:_identify(log) ignored
[0.704s] Level 1:colcon.colcon_core.package_identification:_identify(ros_test) by extensions ['ignore', 'ignore_ament_install']
[0.705s] Level 1:colcon.colcon_core.package_identification:_identify(ros_test) by extension 'ignore'
[0.705s] Level 1:colcon.colcon_core.package_identification:_identify(ros_test) by extension 'ignore_ament_install'
[0.705s] Level 1:colcon.colcon_core.package_identification:_identify(ros_test) by extensions ['colcon_pkg']
[0.705s] Level 1:colcon.colcon_core.package_identification:_identify(ros_test) by extension 'colcon_pkg'
[0.705s] Level 1:colcon.colcon_core.package_identification:_identify(ros_test) by extensions ['colcon_meta']
[0.705s] Level 1:colcon.colcon_core.package_identification:_identify(ros_test) by extension 'colcon_meta'
[0.705s] Level 1:colcon.colcon_core.package_identification:_identify(ros_test) by extensions ['ros']
[0.705s] Level 1:colcon.colcon_core.package_identification:_identify(ros_test) by extension 'ros'
[0.706s] DEBUG:colcon.colcon_core.package_identification:Package 'ros_test' with type 'ros.ament_cmake' and name 'ros_test'
[0.707s] Level 1:colcon.colcon_core.package_identification:_identify(rover_sw_pwrtrain) by extensions ['ignore', 'ignore_ament_install']
[0.707s] Level 1:colcon.colcon_core.package_identification:_identify(rover_sw_pwrtrain) by extension 'ignore'
[0.707s] Level 1:colcon.colcon_core.package_identification:_identify(rover_sw_pwrtrain) by extension 'ignore_ament_install'
[0.707s] Level 1:colcon.colcon_core.package_identification:_identify(rover_sw_pwrtrain) by extensions ['colcon_pkg']
[0.707s] Level 1:colcon.colcon_core.package_identification:_identify(rover_sw_pwrtrain) by extension 'colcon_pkg'
[0.707s] Level 1:colcon.colcon_core.package_identification:_identify(rover_sw_pwrtrain) by extensions ['colcon_meta']
[0.707s] Level 1:colcon.colcon_core.package_identification:_identify(rover_sw_pwrtrain) by extension 'colcon_meta'
[0.707s] Level 1:colcon.colcon_core.package_identification:_identify(rover_sw_pwrtrain) by extensions ['ros']
[0.707s] Level 1:colcon.colcon_core.package_identification:_identify(rover_sw_pwrtrain) by extension 'ros'
[0.708s] DEBUG:colcon.colcon_core.package_identification:Package 'rover_sw_pwrtrain' with type 'ros.ament_cmake' and name 'rover_sw_pwrtrain'
[0.708s] Level 1:colcon.colcon_core.package_identification:_identify(scripts) by extensions ['ignore', 'ignore_ament_install']
[0.709s] Level 1:colcon.colcon_core.package_identification:_identify(scripts) by extension 'ignore'
[0.709s] Level 1:colcon.colcon_core.package_identification:_identify(scripts) by extension 'ignore_ament_install'
[0.709s] Level 1:colcon.colcon_core.package_identification:_identify(scripts) by extensions ['colcon_pkg']
[0.709s] Level 1:colcon.colcon_core.package_identification:_identify(scripts) by extension 'colcon_pkg'
[0.709s] Level 1:colcon.colcon_core.package_identification:_identify(scripts) by extensions ['colcon_meta']
[0.709s] Level 1:colcon.colcon_core.package_identification:_identify(scripts) by extension 'colcon_meta'
[0.709s] Level 1:colcon.colcon_core.package_identification:_identify(scripts) by extensions ['ros']
[0.709s] Level 1:colcon.colcon_core.package_identification:_identify(scripts) by extension 'ros'
[0.709s] Level 1:colcon.colcon_core.package_identification:_identify(scripts) by extensions ['cmake', 'python']
[0.709s] Level 1:colcon.colcon_core.package_identification:_identify(scripts) by extension 'cmake'
[0.709s] Level 1:colcon.colcon_core.package_identification:_identify(scripts) by extension 'python'
[0.710s] Level 1:colcon.colcon_core.package_identification:_identify(scripts) by extensions ['python_setup_py']
[0.710s] Level 1:colcon.colcon_core.package_identification:_identify(scripts) by extension 'python_setup_py'
[0.710s] Level 1:colcon.colcon_core.package_discovery:discover_packages(recursive) using defaults
[0.710s] Level 1:colcon.colcon_core.package_discovery:discover_packages(ignore) discover
[0.710s] Level 1:colcon.colcon_core.package_discovery:discover_packages(ignore) using defaults
[0.710s] Level 1:colcon.colcon_core.package_discovery:discover_packages(path) discover
[0.710s] Level 1:colcon.colcon_core.package_discovery:discover_packages(path) using defaults
[0.860s] INFO:colcon.colcon_core.package_selection:Skipping not selected package 'gridrover_teleop' in 'gridrover_teleop'
[0.861s] INFO:colcon.colcon_core.package_selection:Skipping not selected package 'ros_test' in 'ros_test'
[0.861s] Level 1:colcon.colcon_core.package_discovery:discover_packages(prefix_path) check parameters
[0.861s] Level 1:colcon.colcon_core.package_discovery:discover_packages(prefix_path) discover
[0.865s] DEBUG:colcon.colcon_installed_package_information.package_discovery:Found 2 installed packages in /home/abhijeet/home/abhijeet/ros2_ws/src/install
[0.865s] DEBUG:colcon.colcon_installed_package_information.package_discovery:Found 0 installed packages in /home/abhijeet/ros2_ws/install
[0.867s] DEBUG:colcon.colcon_installed_package_information.package_discovery:Found 316 installed packages in /opt/ros/humble
[0.870s] Level 1:colcon.colcon_core.package_discovery:discover_packages(prefix_path) using defaults
[0.947s] Level 5:colcon.colcon_core.verb:set package 'rover_sw_pwrtrain' build argument 'cmake_args' from command line to 'None'
[0.947s] Level 5:colcon.colcon_core.verb:set package 'rover_sw_pwrtrain' build argument 'cmake_target' from command line to 'None'
[0.947s] Level 5:colcon.colcon_core.verb:set package 'rover_sw_pwrtrain' build argument 'cmake_target_skip_unavailable' from command line to 'False'
[0.947s] Level 5:colcon.colcon_core.verb:set package 'rover_sw_pwrtrain' build argument 'cmake_clean_cache' from command line to 'False'
[0.947s] Level 5:colcon.colcon_core.verb:set package 'rover_sw_pwrtrain' build argument 'cmake_clean_first' from command line to 'False'
[0.947s] Level 5:colcon.colcon_core.verb:set package 'rover_sw_pwrtrain' build argument 'cmake_force_configure' from command line to 'False'
[0.947s] Level 5:colcon.colcon_core.verb:set package 'rover_sw_pwrtrain' build argument 'ament_cmake_args' from command line to 'None'
[0.947s] Level 5:colcon.colcon_core.verb:set package 'rover_sw_pwrtrain' build argument 'catkin_cmake_args' from command line to 'None'
[0.947s] Level 5:colcon.colcon_core.verb:set package 'rover_sw_pwrtrain' build argument 'catkin_skip_building_tests' from command line to 'False'
[0.947s] DEBUG:colcon.colcon_core.verb:Building package 'rover_sw_pwrtrain' with the following arguments: {'ament_cmake_args': None, 'build_base': '/home/abhijeet/home/abhijeet/ros2_ws/src/build/rover_sw_pwrtrain', 'catkin_cmake_args': None, 'catkin_skip_building_tests': False, 'cmake_args': None, 'cmake_clean_cache': False, 'cmake_clean_first': False, 'cmake_force_configure': False, 'cmake_target': None, 'cmake_target_skip_unavailable': False, 'install_base': '/home/abhijeet/home/abhijeet/ros2_ws/src/install/rover_sw_pwrtrain', 'merge_install': False, 'path': '/home/abhijeet/home/abhijeet/ros2_ws/src/rover_sw_pwrtrain', 'symlink_install': False, 'test_result_base': None}
[0.948s] INFO:colcon.colcon_core.executor:Executing jobs using 'parallel' executor
[0.950s] DEBUG:colcon.colcon_parallel_executor.executor.parallel:run_until_complete
[0.950s] INFO:colcon.colcon_ros.task.ament_cmake.build:Building ROS package in '/home/abhijeet/home/abhijeet/ros2_ws/src/rover_sw_pwrtrain' with build type 'ament_cmake'
[0.950s] INFO:colcon.colcon_cmake.task.cmake.build:Building CMake package in '/home/abhijeet/home/abhijeet/ros2_ws/src/rover_sw_pwrtrain'
[0.954s] INFO:colcon.colcon_core.plugin_system:Skipping extension 'colcon_core.shell.bat': Not used on non-Windows systems
[0.954s] INFO:colcon.colcon_core.shell:Skip shell extension 'powershell' for command environment: Not usable outside of PowerShell
[0.954s] DEBUG:colcon.colcon_core.shell:Skip shell extension 'dsv' for command environment
[0.974s] DEBUG:colcon.colcon_core.event_handler.log_command:Invoking command in '/home/abhijeet/home/abhijeet/ros2_ws/src/build/rover_sw_pwrtrain': CMAKE_PREFIX_PATH=${CMAKE_PREFIX_PATH}:/opt/ros/humble /usr/bin/cmake --build /home/abhijeet/home/abhijeet/ros2_ws/src/build/rover_sw_pwrtrain -- -j6 -l6
[34.546s] DEBUG:colcon.colcon_core.event_handler.log_command:Invoked command in '/home/abhijeet/home/abhijeet/ros2_ws/src/build/rover_sw_pwrtrain' returned '0': CMAKE_PREFIX_PATH=${CMAKE_PREFIX_PATH}:/opt/ros/humble /usr/bin/cmake --build /home/abhijeet/home/abhijeet/ros2_ws/src/build/rover_sw_pwrtrain -- -j6 -l6
[34.572s] DEBUG:colcon.colcon_core.event_handler.log_command:Invoking command in '/home/abhijeet/home/abhijeet/ros2_ws/src/build/rover_sw_pwrtrain': CMAKE_PREFIX_PATH=${CMAKE_PREFIX_PATH}:/opt/ros/humble /usr/bin/cmake --install /home/abhijeet/home/abhijeet/ros2_ws/src/build/rover_sw_pwrtrain
[34.601s] Level 1:colcon.colcon_core.environment:create_environment_scripts_only(rover_sw_pwrtrain)
[34.602s] DEBUG:colcon.colcon_core.event_handler.log_command:Invoked command in '/home/abhijeet/home/abhijeet/ros2_ws/src/build/rover_sw_pwrtrain' returned '0': CMAKE_PREFIX_PATH=${CMAKE_PREFIX_PATH}:/opt/ros/humble /usr/bin/cmake --install /home/abhijeet/home/abhijeet/ros2_ws/src/build/rover_sw_pwrtrain
[34.618s] Level 1:colcon.colcon_core.environment:checking '/home/abhijeet/home/abhijeet/ros2_ws/src/install/rover_sw_pwrtrain' for CMake module files
[34.620s] Level 1:colcon.colcon_core.environment:checking '/home/abhijeet/home/abhijeet/ros2_ws/src/install/rover_sw_pwrtrain' for CMake config files
[34.621s] Level 1:colcon.colcon_core.shell:create_environment_hook('rover_sw_pwrtrain', 'cmake_prefix_path')
[34.622s] INFO:colcon.colcon_core.shell:Creating environment hook '/home/abhijeet/home/abhijeet/ros2_ws/src/install/rover_sw_pwrtrain/share/rover_sw_pwrtrain/hook/cmake_prefix_path.ps1'
[34.627s] INFO:colcon.colcon_core.shell:Creating environment descriptor '/home/abhijeet/home/abhijeet/ros2_ws/src/install/rover_sw_pwrtrain/share/rover_sw_pwrtrain/hook/cmake_prefix_path.dsv'
[34.634s] INFO:colcon.colcon_core.shell:Creating environment hook '/home/abhijeet/home/abhijeet/ros2_ws/src/install/rover_sw_pwrtrain/share/rover_sw_pwrtrain/hook/cmake_prefix_path.sh'
[34.638s] Level 1:colcon.colcon_core.environment:checking '/home/abhijeet/home/abhijeet/ros2_ws/src/install/rover_sw_pwrtrain/lib'
[34.639s] Level 1:colcon.colcon_core.environment:checking '/home/abhijeet/home/abhijeet/ros2_ws/src/install/rover_sw_pwrtrain/bin'
[34.639s] Level 1:colcon.colcon_core.environment:checking '/home/abhijeet/home/abhijeet/ros2_ws/src/install/rover_sw_pwrtrain/lib/pkgconfig/rover_sw_pwrtrain.pc'
[34.640s] Level 1:colcon.colcon_core.environment:checking '/home/abhijeet/home/abhijeet/ros2_ws/src/install/rover_sw_pwrtrain/lib/python3.10/site-packages'
[34.642s] Level 1:colcon.colcon_core.environment:checking '/home/abhijeet/home/abhijeet/ros2_ws/src/install/rover_sw_pwrtrain/bin'
[34.643s] INFO:colcon.colcon_core.shell:Creating package script '/home/abhijeet/home/abhijeet/ros2_ws/src/install/rover_sw_pwrtrain/share/rover_sw_pwrtrain/package.ps1'
[34.647s] INFO:colcon.colcon_core.shell:Creating package descriptor '/home/abhijeet/home/abhijeet/ros2_ws/src/install/rover_sw_pwrtrain/share/rover_sw_pwrtrain/package.dsv'
[34.650s] INFO:colcon.colcon_core.shell:Creating package script '/home/abhijeet/home/abhijeet/ros2_ws/src/install/rover_sw_pwrtrain/share/rover_sw_pwrtrain/package.sh'
[34.654s] INFO:colcon.colcon_core.shell:Creating package script '/home/abhijeet/home/abhijeet/ros2_ws/src/install/rover_sw_pwrtrain/share/rover_sw_pwrtrain/package.bash'
[34.658s] INFO:colcon.colcon_core.shell:Creating package script '/home/abhijeet/home/abhijeet/ros2_ws/src/install/rover_sw_pwrtrain/share/rover_sw_pwrtrain/package.zsh'
[34.662s] Level 1:colcon.colcon_core.environment:create_file_with_runtime_dependencies(/home/abhijeet/home/abhijeet/ros2_ws/src/install/rover_sw_pwrtrain/share/colcon-core/packages/rover_sw_pwrtrain)
[34.664s] Level 1:colcon.colcon_core.environment:create_environment_scripts_only(rover_sw_pwrtrain)
[34.664s] Level 1:colcon.colcon_core.environment:checking '/home/abhijeet/home/abhijeet/ros2_ws/src/install/rover_sw_pwrtrain' for CMake module files
[34.665s] Level 1:colcon.colcon_core.environment:checking '/home/abhijeet/home/abhijeet/ros2_ws/src/install/rover_sw_pwrtrain' for CMake config files
[34.666s] Level 1:colcon.colcon_core.shell:create_environment_hook('rover_sw_pwrtrain', 'cmake_prefix_path')
[34.666s] INFO:colcon.colcon_core.shell:Creating environment hook '/home/abhijeet/home/abhijeet/ros2_ws/src/install/rover_sw_pwrtrain/share/rover_sw_pwrtrain/hook/cmake_prefix_path.ps1'
[34.667s] INFO:colcon.colcon_core.shell:Creating environment descriptor '/home/abhijeet/home/abhijeet/ros2_ws/src/install/rover_sw_pwrtrain/share/rover_sw_pwrtrain/hook/cmake_prefix_path.dsv'
[34.668s] INFO:colcon.colcon_core.shell:Creating environment hook '/home/abhijeet/home/abhijeet/ros2_ws/src/install/rover_sw_pwrtrain/share/rover_sw_pwrtrain/hook/cmake_prefix_path.sh'
[34.669s] Level 1:colcon.colcon_core.environment:checking '/home/abhijeet/home/abhijeet/ros2_ws/src/install/rover_sw_pwrtrain/lib'
[34.669s] Level 1:colcon.colcon_core.environment:checking '/home/abhijeet/home/abhijeet/ros2_ws/src/install/rover_sw_pwrtrain/bin'
[34.669s] Level 1:colcon.colcon_core.environment:checking '/home/abhijeet/home/abhijeet/ros2_ws/src/install/rover_sw_pwrtrain/lib/pkgconfig/rover_sw_pwrtrain.pc'
[34.670s] Level 1:colcon.colcon_core.environment:checking '/home/abhijeet/home/abhijeet/ros2_ws/src/install/rover_sw_pwrtrain/lib/python3.10/site-packages'
[34.670s] Level 1:colcon.colcon_core.environment:checking '/home/abhijeet/home/abhijeet/ros2_ws/src/install/rover_sw_pwrtrain/bin'
[34.671s] INFO:colcon.colcon_core.shell:Creating package script '/home/abhijeet/home/abhijeet/ros2_ws/src/install/rover_sw_pwrtrain/share/rover_sw_pwrtrain/package.ps1'
[34.673s] INFO:colcon.colcon_core.shell:Creating package descriptor '/home/abhijeet/home/abhijeet/ros2_ws/src/install/rover_sw_pwrtrain/share/rover_sw_pwrtrain/package.dsv'
[34.675s] INFO:colcon.colcon_core.shell:Creating package script '/home/abhijeet/home/abhijeet/ros2_ws/src/install/rover_sw_pwrtrain/share/rover_sw_pwrtrain/package.sh'
[34.676s] INFO:colcon.colcon_core.shell:Creating package script '/home/abhijeet/home/abhijeet/ros2_ws/src/install/rover_sw_pwrtrain/share/rover_sw_pwrtrain/package.bash'
[34.678s] INFO:colcon.colcon_core.shell:Creating package script '/home/abhijeet/home/abhijeet/ros2_ws/src/install/rover_sw_pwrtrain/share/rover_sw_pwrtrain/package.zsh'
[34.679s] Level 1:colcon.colcon_core.environment:create_file_with_runtime_dependencies(/home/abhijeet/home/abhijeet/ros2_ws/src/install/rover_sw_pwrtrain/share/colcon-core/packages/rover_sw_pwrtrain)
[34.680s] DEBUG:colcon.colcon_parallel_executor.executor.parallel:closing loop
[34.681s] DEBUG:colcon.colcon_parallel_executor.executor.parallel:loop closed
[34.681s] DEBUG:colcon.colcon_parallel_executor.executor.parallel:run_until_complete finished with '0'
[34.681s] DEBUG:colcon.colcon_core.event_reactor:joining thread
[34.695s] INFO:colcon.colcon_core.plugin_system:Skipping extension 'colcon_notification.desktop_notification.terminal_notifier': Not used on non-Darwin systems
[34.695s] INFO:colcon.colcon_core.plugin_system:Skipping extension 'colcon_notification.desktop_notification.win32': Not used on non-Windows systems
[34.695s] INFO:colcon.colcon_notification.desktop_notification:Sending desktop notification using 'notify2'
[34.734s] DEBUG:colcon.colcon_core.event_reactor:joined thread
[34.735s] INFO:colcon.colcon_core.shell:Creating prefix script '/home/abhijeet/home/abhijeet/ros2_ws/src/install/local_setup.ps1'
[34.738s] INFO:colcon.colcon_core.shell:Creating prefix util module '/home/abhijeet/home/abhijeet/ros2_ws/src/install/_local_setup_util_ps1.py'
[34.741s] INFO:colcon.colcon_core.shell:Creating prefix chain script '/home/abhijeet/home/abhijeet/ros2_ws/src/install/setup.ps1'
[34.744s] INFO:colcon.colcon_core.shell:Creating prefix script '/home/abhijeet/home/abhijeet/ros2_ws/src/install/local_setup.sh'
[34.746s] INFO:colcon.colcon_core.shell:Creating prefix util module '/home/abhijeet/home/abhijeet/ros2_ws/src/install/_local_setup_util_sh.py'
[34.748s] INFO:colcon.colcon_core.shell:Creating prefix chain script '/home/abhijeet/home/abhijeet/ros2_ws/src/install/setup.sh'
[34.751s] INFO:colcon.colcon_core.shell:Creating prefix script '/home/abhijeet/home/abhijeet/ros2_ws/src/install/local_setup.bash'
[34.753s] INFO:colcon.colcon_core.shell:Creating prefix chain script '/home/abhijeet/home/abhijeet/ros2_ws/src/install/setup.bash'
[34.756s] INFO:colcon.colcon_core.shell:Creating prefix script '/home/abhijeet/home/abhijeet/ros2_ws/src/install/local_setup.zsh'
[34.758s] INFO:colcon.colcon_core.shell:Creating prefix chain script '/home/abhijeet/home/abhijeet/ros2_ws/src/install/setup.zsh'
