[0.189s] DEBUG:colcon:Command line arguments: ['/usr/bin/colcon', 'build', '--packages-select', 'rover_sw_pwrtrain']
[0.189s] DEBUG:colcon:Parsed command line arguments: Namespace(log_base=None, log_level=None, verb_name='build', build_base='build', install_base='install', merge_install=False, symlink_install=False, test_result_base=None, continue_on_error=False, executor='parallel', parallel_workers=6, event_handlers=None, ignore_user_meta=False, metas=['./colcon.meta'], base_paths=['.'], packages_ignore=None, packages_ignore_regex=None, paths=None, packages_up_to=None, packages_up_to_regex=None, packages_above=None, packages_above_and_dependencies=None, packages_above_depth=None, packages_select_by_dep=None, packages_skip_by_dep=None, packages_skip_up_to=None, packages_select_build_failed=False, packages_skip_build_finished=False, packages_select_test_failures=False, packages_skip_test_passed=False, packages_select=['rover_sw_pwrtrain'], packages_skip=None, packages_select_regex=None, packages_skip_regex=None, packages_start=None, packages_end=None, allow_overriding=[], cmake_args=None, cmake_target=None, cmake_target_skip_unavailable=False, cmake_clean_cache=False, cmake_clean_first=False, cmake_force_configure=False, ament_cmake_args=None, catkin_cmake_args=None, catkin_skip_building_tests=False, verb_parser=<colcon_defaults.argument_parser.defaults.DefaultArgumentsDecorator object at 0xffff7e43f910>, verb_extension=<colcon_core.verb.build.BuildVerb object at 0xffff7e62cca0>, main=<bound method BuildVerb.main of <colcon_core.verb.build.BuildVerb object at 0xffff7e62cca0>>)
[0.476s] Level 1:colcon.colcon_core.package_discovery:discover_packages(colcon_meta) check parameters
[0.476s] Level 1:colcon.colcon_core.package_discovery:discover_packages(recursive) check parameters
[0.476s] Level 1:colcon.colcon_core.package_discovery:discover_packages(ignore) check parameters
[0.476s] Level 1:colcon.colcon_core.package_discovery:discover_packages(path) check parameters
[0.476s] Level 1:colcon.colcon_core.package_discovery:discover_packages(colcon_meta) discover
[0.476s] Level 1:colcon.colcon_core.package_discovery:discover_packages(recursive) discover
[0.476s] INFO:colcon.colcon_core.package_discovery:Crawling recursively for packages in '/home/abhijeet/home/abhijeet/ros2_ws/src'
[0.477s] Level 1:colcon.colcon_core.package_identification:_identify(.) by extensions ['ignore', 'ignore_ament_install']
[0.477s] Level 1:colcon.colcon_core.package_identification:_identify(.) by extension 'ignore'
[0.477s] Level 1:colcon.colcon_core.package_identification:_identify(.) by extension 'ignore_ament_install'
[0.477s] Level 1:colcon.colcon_core.package_identification:_identify(.) by extensions ['colcon_pkg']
[0.477s] Level 1:colcon.colcon_core.package_identification:_identify(.) by extension 'colcon_pkg'
[0.477s] Level 1:colcon.colcon_core.package_identification:_identify(.) by extensions ['colcon_meta']
[0.477s] Level 1:colcon.colcon_core.package_identification:_identify(.) by extension 'colcon_meta'
[0.477s] Level 1:colcon.colcon_core.package_identification:_identify(.) by extensions ['ros']
[0.477s] Level 1:colcon.colcon_core.package_identification:_identify(.) by extension 'ros'
[0.498s] Level 1:colcon.colcon_core.package_identification:_identify(.) by extensions ['cmake', 'python']
[0.498s] Level 1:colcon.colcon_core.package_identification:_identify(.) by extension 'cmake'
[0.498s] Level 1:colcon.colcon_core.package_identification:_identify(.) by extension 'python'
[0.498s] Level 1:colcon.colcon_core.package_identification:_identify(.) by extensions ['python_setup_py']
[0.499s] Level 1:colcon.colcon_core.package_identification:_identify(.) by extension 'python_setup_py'
[0.499s] Level 1:colcon.colcon_core.package_identification:_identify(build) by extensions ['ignore', 'ignore_ament_install']
[0.499s] Level 1:colcon.colcon_core.package_identification:_identify(build) by extension 'ignore'
[0.499s] Level 1:colcon.colcon_core.package_identification:_identify(build) ignored
[0.499s] Level 1:colcon.colcon_core.package_identification:_identify(gridrover_teleop) by extensions ['ignore', 'ignore_ament_install']
[0.500s] Level 1:colcon.colcon_core.package_identification:_identify(gridrover_teleop) by extension 'ignore'
[0.500s] Level 1:colcon.colcon_core.package_identification:_identify(gridrover_teleop) by extension 'ignore_ament_install'
[0.500s] Level 1:colcon.colcon_core.package_identification:_identify(gridrover_teleop) by extensions ['colcon_pkg']
[0.500s] Level 1:colcon.colcon_core.package_identification:_identify(gridrover_teleop) by extension 'colcon_pkg'
[0.500s] Level 1:colcon.colcon_core.package_identification:_identify(gridrover_teleop) by extensions ['colcon_meta']
[0.500s] Level 1:colcon.colcon_core.package_identification:_identify(gridrover_teleop) by extension 'colcon_meta'
[0.500s] Level 1:colcon.colcon_core.package_identification:_identify(gridrover_teleop) by extensions ['ros']
[0.500s] Level 1:colcon.colcon_core.package_identification:_identify(gridrover_teleop) by extension 'ros'
[0.505s] DEBUG:colcon.colcon_core.package_identification:Package 'gridrover_teleop' with type 'ros.ament_python' and name 'gridrover_teleop'
[0.505s] Level 1:colcon.colcon_core.package_identification:_identify(install) by extensions ['ignore', 'ignore_ament_install']
[0.506s] Level 1:colcon.colcon_core.package_identification:_identify(install) by extension 'ignore'
[0.506s] Level 1:colcon.colcon_core.package_identification:_identify(install) ignored
[0.506s] Level 1:colcon.colcon_core.package_identification:_identify(log) by extensions ['ignore', 'ignore_ament_install']
[0.506s] Level 1:colcon.colcon_core.package_identification:_identify(log) by extension 'ignore'
[0.506s] Level 1:colcon.colcon_core.package_identification:_identify(log) ignored
[0.506s] Level 1:colcon.colcon_core.package_identification:_identify(ros_test) by extensions ['ignore', 'ignore_ament_install']
[0.507s] Level 1:colcon.colcon_core.package_identification:_identify(ros_test) by extension 'ignore'
[0.507s] Level 1:colcon.colcon_core.package_identification:_identify(ros_test) by extension 'ignore_ament_install'
[0.507s] Level 1:colcon.colcon_core.package_identification:_identify(ros_test) by extensions ['colcon_pkg']
[0.507s] Level 1:colcon.colcon_core.package_identification:_identify(ros_test) by extension 'colcon_pkg'
[0.507s] Level 1:colcon.colcon_core.package_identification:_identify(ros_test) by extensions ['colcon_meta']
[0.507s] Level 1:colcon.colcon_core.package_identification:_identify(ros_test) by extension 'colcon_meta'
[0.507s] Level 1:colcon.colcon_core.package_identification:_identify(ros_test) by extensions ['ros']
[0.507s] Level 1:colcon.colcon_core.package_identification:_identify(ros_test) by extension 'ros'
[0.508s] DEBUG:colcon.colcon_core.package_identification:Package 'ros_test' with type 'ros.ament_cmake' and name 'ros_test'
[0.508s] Level 1:colcon.colcon_core.package_identification:_identify(rover_sw_pwrtrain) by extensions ['ignore', 'ignore_ament_install']
[0.509s] Level 1:colcon.colcon_core.package_identification:_identify(rover_sw_pwrtrain) by extension 'ignore'
[0.509s] Level 1:colcon.colcon_core.package_identification:_identify(rover_sw_pwrtrain) by extension 'ignore_ament_install'
[0.509s] Level 1:colcon.colcon_core.package_identification:_identify(rover_sw_pwrtrain) by extensions ['colcon_pkg']
[0.509s] Level 1:colcon.colcon_core.package_identification:_identify(rover_sw_pwrtrain) by extension 'colcon_pkg'
[0.509s] Level 1:colcon.colcon_core.package_identification:_identify(rover_sw_pwrtrain) by extensions ['colcon_meta']
[0.509s] Level 1:colcon.colcon_core.package_identification:_identify(rover_sw_pwrtrain) by extension 'colcon_meta'
[0.509s] Level 1:colcon.colcon_core.package_identification:_identify(rover_sw_pwrtrain) by extensions ['ros']
[0.509s] Level 1:colcon.colcon_core.package_identification:_identify(rover_sw_pwrtrain) by extension 'ros'
[0.510s] DEBUG:colcon.colcon_core.package_identification:Package 'rover_sw_pwrtrain' with type 'ros.ament_cmake' and name 'rover_sw_pwrtrain'
[0.510s] Level 1:colcon.colcon_core.package_identification:_identify(scripts) by extensions ['ignore', 'ignore_ament_install']
[0.511s] Level 1:colcon.colcon_core.package_identification:_identify(scripts) by extension 'ignore'
[0.511s] Level 1:colcon.colcon_core.package_identification:_identify(scripts) by extension 'ignore_ament_install'
[0.511s] Level 1:colcon.colcon_core.package_identification:_identify(scripts) by extensions ['colcon_pkg']
[0.511s] Level 1:colcon.colcon_core.package_identification:_identify(scripts) by extension 'colcon_pkg'
[0.511s] Level 1:colcon.colcon_core.package_identification:_identify(scripts) by extensions ['colcon_meta']
[0.511s] Level 1:colcon.colcon_core.package_identification:_identify(scripts) by extension 'colcon_meta'
[0.511s] Level 1:colcon.colcon_core.package_identification:_identify(scripts) by extensions ['ros']
[0.511s] Level 1:colcon.colcon_core.package_identification:_identify(scripts) by extension 'ros'
[0.511s] Level 1:colcon.colcon_core.package_identification:_identify(scripts) by extensions ['cmake', 'python']
[0.511s] Level 1:colcon.colcon_core.package_identification:_identify(scripts) by extension 'cmake'
[0.511s] Level 1:colcon.colcon_core.package_identification:_identify(scripts) by extension 'python'
[0.511s] Level 1:colcon.colcon_core.package_identification:_identify(scripts) by extensions ['python_setup_py']
[0.512s] Level 1:colcon.colcon_core.package_identification:_identify(scripts) by extension 'python_setup_py'
[0.512s] Level 1:colcon.colcon_core.package_discovery:discover_packages(recursive) using defaults
[0.512s] Level 1:colcon.colcon_core.package_discovery:discover_packages(ignore) discover
[0.512s] Level 1:colcon.colcon_core.package_discovery:discover_packages(ignore) using defaults
[0.512s] Level 1:colcon.colcon_core.package_discovery:discover_packages(path) discover
[0.512s] Level 1:colcon.colcon_core.package_discovery:discover_packages(path) using defaults
[0.546s] INFO:colcon.colcon_core.package_selection:Skipping not selected package 'gridrover_teleop' in 'gridrover_teleop'
[0.546s] INFO:colcon.colcon_core.package_selection:Skipping not selected package 'ros_test' in 'ros_test'
[0.547s] Level 1:colcon.colcon_core.package_discovery:discover_packages(prefix_path) check parameters
[0.547s] Level 1:colcon.colcon_core.package_discovery:discover_packages(prefix_path) discover
[0.550s] DEBUG:colcon.colcon_installed_package_information.package_discovery:Found 2 installed packages in /home/abhijeet/home/abhijeet/ros2_ws/src/install
[0.551s] DEBUG:colcon.colcon_installed_package_information.package_discovery:Found 0 installed packages in /home/abhijeet/ros2_ws/install
[0.553s] DEBUG:colcon.colcon_installed_package_information.package_discovery:Found 316 installed packages in /opt/ros/humble
[0.583s] Level 1:colcon.colcon_core.package_discovery:discover_packages(prefix_path) using defaults
[0.657s] Level 5:colcon.colcon_core.verb:set package 'rover_sw_pwrtrain' build argument 'cmake_args' from command line to 'None'
[0.657s] Level 5:colcon.colcon_core.verb:set package 'rover_sw_pwrtrain' build argument 'cmake_target' from command line to 'None'
[0.657s] Level 5:colcon.colcon_core.verb:set package 'rover_sw_pwrtrain' build argument 'cmake_target_skip_unavailable' from command line to 'False'
[0.657s] Level 5:colcon.colcon_core.verb:set package 'rover_sw_pwrtrain' build argument 'cmake_clean_cache' from command line to 'False'
[0.657s] Level 5:colcon.colcon_core.verb:set package 'rover_sw_pwrtrain' build argument 'cmake_clean_first' from command line to 'False'
[0.657s] Level 5:colcon.colcon_core.verb:set package 'rover_sw_pwrtrain' build argument 'cmake_force_configure' from command line to 'False'
[0.657s] Level 5:colcon.colcon_core.verb:set package 'rover_sw_pwrtrain' build argument 'ament_cmake_args' from command line to 'None'
[0.657s] Level 5:colcon.colcon_core.verb:set package 'rover_sw_pwrtrain' build argument 'catkin_cmake_args' from command line to 'None'
[0.657s] Level 5:colcon.colcon_core.verb:set package 'rover_sw_pwrtrain' build argument 'catkin_skip_building_tests' from command line to 'False'
[0.658s] DEBUG:colcon.colcon_core.verb:Building package 'rover_sw_pwrtrain' with the following arguments: {'ament_cmake_args': None, 'build_base': '/home/abhijeet/home/abhijeet/ros2_ws/src/build/rover_sw_pwrtrain', 'catkin_cmake_args': None, 'catkin_skip_building_tests': False, 'cmake_args': None, 'cmake_clean_cache': False, 'cmake_clean_first': False, 'cmake_force_configure': False, 'cmake_target': None, 'cmake_target_skip_unavailable': False, 'install_base': '/home/abhijeet/home/abhijeet/ros2_ws/src/install/rover_sw_pwrtrain', 'merge_install': False, 'path': '/home/abhijeet/home/abhijeet/ros2_ws/src/rover_sw_pwrtrain', 'symlink_install': False, 'test_result_base': None}
[0.658s] INFO:colcon.colcon_core.executor:Executing jobs using 'parallel' executor
[0.660s] DEBUG:colcon.colcon_parallel_executor.executor.parallel:run_until_complete
[0.660s] INFO:colcon.colcon_ros.task.ament_cmake.build:Building ROS package in '/home/abhijeet/home/abhijeet/ros2_ws/src/rover_sw_pwrtrain' with build type 'ament_cmake'
[0.661s] INFO:colcon.colcon_cmake.task.cmake.build:Building CMake package in '/home/abhijeet/home/abhijeet/ros2_ws/src/rover_sw_pwrtrain'
[0.664s] INFO:colcon.colcon_core.plugin_system:Skipping extension 'colcon_core.shell.bat': Not used on non-Windows systems
[0.664s] INFO:colcon.colcon_core.shell:Skip shell extension 'powershell' for command environment: Not usable outside of PowerShell
[0.664s] DEBUG:colcon.colcon_core.shell:Skip shell extension 'dsv' for command environment
[0.679s] DEBUG:colcon.colcon_core.event_handler.log_command:Invoking command in '/home/abhijeet/home/abhijeet/ros2_ws/src/build/rover_sw_pwrtrain': CMAKE_PREFIX_PATH=${CMAKE_PREFIX_PATH}:/opt/ros/humble /usr/bin/cmake --build /home/abhijeet/home/abhijeet/ros2_ws/src/build/rover_sw_pwrtrain -- -j6 -l6
[32.593s] DEBUG:colcon.colcon_core.event_handler.log_command:Invoked command in '/home/abhijeet/home/abhijeet/ros2_ws/src/build/rover_sw_pwrtrain' returned '0': CMAKE_PREFIX_PATH=${CMAKE_PREFIX_PATH}:/opt/ros/humble /usr/bin/cmake --build /home/abhijeet/home/abhijeet/ros2_ws/src/build/rover_sw_pwrtrain -- -j6 -l6
[32.618s] DEBUG:colcon.colcon_core.event_handler.log_command:Invoking command in '/home/abhijeet/home/abhijeet/ros2_ws/src/build/rover_sw_pwrtrain': CMAKE_PREFIX_PATH=${CMAKE_PREFIX_PATH}:/opt/ros/humble /usr/bin/cmake --install /home/abhijeet/home/abhijeet/ros2_ws/src/build/rover_sw_pwrtrain
[32.646s] Level 1:colcon.colcon_core.environment:create_environment_scripts_only(rover_sw_pwrtrain)
[32.649s] DEBUG:colcon.colcon_core.event_handler.log_command:Invoked command in '/home/abhijeet/home/abhijeet/ros2_ws/src/build/rover_sw_pwrtrain' returned '0': CMAKE_PREFIX_PATH=${CMAKE_PREFIX_PATH}:/opt/ros/humble /usr/bin/cmake --install /home/abhijeet/home/abhijeet/ros2_ws/src/build/rover_sw_pwrtrain
[32.656s] Level 1:colcon.colcon_core.environment:checking '/home/abhijeet/home/abhijeet/ros2_ws/src/install/rover_sw_pwrtrain' for CMake module files
[32.658s] Level 1:colcon.colcon_core.environment:checking '/home/abhijeet/home/abhijeet/ros2_ws/src/install/rover_sw_pwrtrain' for CMake config files
[32.660s] Level 1:colcon.colcon_core.shell:create_environment_hook('rover_sw_pwrtrain', 'cmake_prefix_path')
[32.661s] INFO:colcon.colcon_core.shell:Creating environment hook '/home/abhijeet/home/abhijeet/ros2_ws/src/install/rover_sw_pwrtrain/share/rover_sw_pwrtrain/hook/cmake_prefix_path.ps1'
[32.665s] INFO:colcon.colcon_core.shell:Creating environment descriptor '/home/abhijeet/home/abhijeet/ros2_ws/src/install/rover_sw_pwrtrain/share/rover_sw_pwrtrain/hook/cmake_prefix_path.dsv'
[32.668s] INFO:colcon.colcon_core.shell:Creating environment hook '/home/abhijeet/home/abhijeet/ros2_ws/src/install/rover_sw_pwrtrain/share/rover_sw_pwrtrain/hook/cmake_prefix_path.sh'
[32.671s] Level 1:colcon.colcon_core.environment:checking '/home/abhijeet/home/abhijeet/ros2_ws/src/install/rover_sw_pwrtrain/lib'
[32.672s] Level 1:colcon.colcon_core.environment:checking '/home/abhijeet/home/abhijeet/ros2_ws/src/install/rover_sw_pwrtrain/bin'
[32.672s] Level 1:colcon.colcon_core.environment:checking '/home/abhijeet/home/abhijeet/ros2_ws/src/install/rover_sw_pwrtrain/lib/pkgconfig/rover_sw_pwrtrain.pc'
[32.672s] Level 1:colcon.colcon_core.environment:checking '/home/abhijeet/home/abhijeet/ros2_ws/src/install/rover_sw_pwrtrain/lib/python3.10/site-packages'
[32.673s] Level 1:colcon.colcon_core.environment:checking '/home/abhijeet/home/abhijeet/ros2_ws/src/install/rover_sw_pwrtrain/bin'
[32.674s] INFO:colcon.colcon_core.shell:Creating package script '/home/abhijeet/home/abhijeet/ros2_ws/src/install/rover_sw_pwrtrain/share/rover_sw_pwrtrain/package.ps1'
[32.676s] INFO:colcon.colcon_core.shell:Creating package descriptor '/home/abhijeet/home/abhijeet/ros2_ws/src/install/rover_sw_pwrtrain/share/rover_sw_pwrtrain/package.dsv'
[32.678s] INFO:colcon.colcon_core.shell:Creating package script '/home/abhijeet/home/abhijeet/ros2_ws/src/install/rover_sw_pwrtrain/share/rover_sw_pwrtrain/package.sh'
[32.680s] INFO:colcon.colcon_core.shell:Creating package script '/home/abhijeet/home/abhijeet/ros2_ws/src/install/rover_sw_pwrtrain/share/rover_sw_pwrtrain/package.bash'
[32.683s] INFO:colcon.colcon_core.shell:Creating package script '/home/abhijeet/home/abhijeet/ros2_ws/src/install/rover_sw_pwrtrain/share/rover_sw_pwrtrain/package.zsh'
[32.685s] Level 1:colcon.colcon_core.environment:create_file_with_runtime_dependencies(/home/abhijeet/home/abhijeet/ros2_ws/src/install/rover_sw_pwrtrain/share/colcon-core/packages/rover_sw_pwrtrain)
[32.687s] Level 1:colcon.colcon_core.environment:create_environment_scripts_only(rover_sw_pwrtrain)
[32.687s] Level 1:colcon.colcon_core.environment:checking '/home/abhijeet/home/abhijeet/ros2_ws/src/install/rover_sw_pwrtrain' for CMake module files
[32.688s] Level 1:colcon.colcon_core.environment:checking '/home/abhijeet/home/abhijeet/ros2_ws/src/install/rover_sw_pwrtrain' for CMake config files
[32.689s] Level 1:colcon.colcon_core.shell:create_environment_hook('rover_sw_pwrtrain', 'cmake_prefix_path')
[32.689s] INFO:colcon.colcon_core.shell:Creating environment hook '/home/abhijeet/home/abhijeet/ros2_ws/src/install/rover_sw_pwrtrain/share/rover_sw_pwrtrain/hook/cmake_prefix_path.ps1'
[32.690s] INFO:colcon.colcon_core.shell:Creating environment descriptor '/home/abhijeet/home/abhijeet/ros2_ws/src/install/rover_sw_pwrtrain/share/rover_sw_pwrtrain/hook/cmake_prefix_path.dsv'
[32.691s] INFO:colcon.colcon_core.shell:Creating environment hook '/home/abhijeet/home/abhijeet/ros2_ws/src/install/rover_sw_pwrtrain/share/rover_sw_pwrtrain/hook/cmake_prefix_path.sh'
[32.692s] Level 1:colcon.colcon_core.environment:checking '/home/abhijeet/home/abhijeet/ros2_ws/src/install/rover_sw_pwrtrain/lib'
[32.693s] Level 1:colcon.colcon_core.environment:checking '/home/abhijeet/home/abhijeet/ros2_ws/src/install/rover_sw_pwrtrain/bin'
[32.693s] Level 1:colcon.colcon_core.environment:checking '/home/abhijeet/home/abhijeet/ros2_ws/src/install/rover_sw_pwrtrain/lib/pkgconfig/rover_sw_pwrtrain.pc'
[32.694s] Level 1:colcon.colcon_core.environment:checking '/home/abhijeet/home/abhijeet/ros2_ws/src/install/rover_sw_pwrtrain/lib/python3.10/site-packages'
[32.695s] Level 1:colcon.colcon_core.environment:checking '/home/abhijeet/home/abhijeet/ros2_ws/src/install/rover_sw_pwrtrain/bin'
[32.696s] INFO:colcon.colcon_core.shell:Creating package script '/home/abhijeet/home/abhijeet/ros2_ws/src/install/rover_sw_pwrtrain/share/rover_sw_pwrtrain/package.ps1'
[32.697s] INFO:colcon.colcon_core.shell:Creating package descriptor '/home/abhijeet/home/abhijeet/ros2_ws/src/install/rover_sw_pwrtrain/share/rover_sw_pwrtrain/package.dsv'
[32.698s] INFO:colcon.colcon_core.shell:Creating package script '/home/abhijeet/home/abhijeet/ros2_ws/src/install/rover_sw_pwrtrain/share/rover_sw_pwrtrain/package.sh'
[32.700s] INFO:colcon.colcon_core.shell:Creating package script '/home/abhijeet/home/abhijeet/ros2_ws/src/install/rover_sw_pwrtrain/share/rover_sw_pwrtrain/package.bash'
[32.701s] INFO:colcon.colcon_core.shell:Creating package script '/home/abhijeet/home/abhijeet/ros2_ws/src/install/rover_sw_pwrtrain/share/rover_sw_pwrtrain/package.zsh'
[32.703s] Level 1:colcon.colcon_core.environment:create_file_with_runtime_dependencies(/home/abhijeet/home/abhijeet/ros2_ws/src/install/rover_sw_pwrtrain/share/colcon-core/packages/rover_sw_pwrtrain)
[32.703s] DEBUG:colcon.colcon_parallel_executor.executor.parallel:closing loop
[32.705s] DEBUG:colcon.colcon_parallel_executor.executor.parallel:loop closed
[32.705s] DEBUG:colcon.colcon_parallel_executor.executor.parallel:run_until_complete finished with '0'
[32.705s] DEBUG:colcon.colcon_core.event_reactor:joining thread
[32.724s] INFO:colcon.colcon_core.plugin_system:Skipping extension 'colcon_notification.desktop_notification.terminal_notifier': Not used on non-Darwin systems
[32.724s] INFO:colcon.colcon_core.plugin_system:Skipping extension 'colcon_notification.desktop_notification.win32': Not used on non-Windows systems
[32.724s] INFO:colcon.colcon_notification.desktop_notification:Sending desktop notification using 'notify2'
[32.769s] DEBUG:colcon.colcon_core.event_reactor:joined thread
[32.771s] INFO:colcon.colcon_core.shell:Creating prefix script '/home/abhijeet/home/abhijeet/ros2_ws/src/install/local_setup.ps1'
[32.774s] INFO:colcon.colcon_core.shell:Creating prefix util module '/home/abhijeet/home/abhijeet/ros2_ws/src/install/_local_setup_util_ps1.py'
[32.777s] INFO:colcon.colcon_core.shell:Creating prefix chain script '/home/abhijeet/home/abhijeet/ros2_ws/src/install/setup.ps1'
[32.780s] INFO:colcon.colcon_core.shell:Creating prefix script '/home/abhijeet/home/abhijeet/ros2_ws/src/install/local_setup.sh'
[32.781s] INFO:colcon.colcon_core.shell:Creating prefix util module '/home/abhijeet/home/abhijeet/ros2_ws/src/install/_local_setup_util_sh.py'
[32.783s] INFO:colcon.colcon_core.shell:Creating prefix chain script '/home/abhijeet/home/abhijeet/ros2_ws/src/install/setup.sh'
[32.786s] INFO:colcon.colcon_core.shell:Creating prefix script '/home/abhijeet/home/abhijeet/ros2_ws/src/install/local_setup.bash'
[32.787s] INFO:colcon.colcon_core.shell:Creating prefix chain script '/home/abhijeet/home/abhijeet/ros2_ws/src/install/setup.bash'
[32.790s] INFO:colcon.colcon_core.shell:Creating prefix script '/home/abhijeet/home/abhijeet/ros2_ws/src/install/local_setup.zsh'
[32.791s] INFO:colcon.colcon_core.shell:Creating prefix chain script '/home/abhijeet/home/abhijeet/ros2_ws/src/install/setup.zsh'
