[0.039s] Invoking command in '/home/abhijeet/home/abhijeet/ros2_ws/src/build/rover_sw_pwrtrain': CMAKE_PREFIX_PATH=${CMAKE_PREFIX_PATH}:/opt/ros/humble /usr/bin/cmake --build /home/abhijeet/home/abhijeet/ros2_ws/src/build/rover_sw_pwrtrain -- -j4 -l4
[0.076s] /usr/bin/cmake -S/home/abhijeet/home/abhijeet/ros2_ws/src/rover_sw_pwrtrain -B/home/abhijeet/home/abhijeet/ros2_ws/src/build/rover_sw_pwrtrain --check-build-system CMakeFiles/Makefile.cmake 0
[0.124s] -- Found ament_cmake: 1.3.12 (/opt/ros/humble/share/ament_cmake/cmake)
[0.567s] -- Found ament_cmake_ros: 0.10.0 (/opt/ros/humble/share/ament_cmake_ros/cmake)
[0.575s] -- Found rclcpp: 16.0.15 (/opt/ros/humble/share/rclcpp/cmake)
[0.658s] -- Found rosidl_generator_c: 3.1.7 (/opt/ros/humble/share/rosidl_generator_c/cmake)
[0.665s] -- Found rosidl_adapter: 3.1.7 (/opt/ros/humble/share/rosidl_adapter/cmake)
[0.683s] -- Found rosidl_generator_cpp: 3.1.7 (/opt/ros/humble/share/rosidl_generator_cpp/cmake)
[0.710s] -- Using all available rosidl_typesupport_c: rosidl_typesupport_fastrtps_c;rosidl_typesupport_introspection_c
[0.746s] -- Using all available rosidl_typesupport_cpp: rosidl_typesupport_fastrtps_cpp;rosidl_typesupport_introspection_cpp
[0.844s] -- Found rmw_implementation_cmake: 6.1.2 (/opt/ros/humble/share/rmw_implementation_cmake/cmake)
[0.848s] -- Found rmw_fastrtps_cpp: 6.2.9 (/opt/ros/humble/share/rmw_fastrtps_cpp/cmake)
[1.168s] -- Using RMW implementation 'rmw_fastrtps_cpp' as default
[1.321s] [31mCMake Error at /opt/ros/humble/share/ament_cmake_target_dependencies/cmake/ament_target_dependencies.cmake:77 (message):
[1.322s]   ament_target_dependencies() the passed package name 'vesc_telemetry_node'
[1.322s]   was not found before
[1.322s] Call Stack (most recent call first):
[1.322s]   CMakeLists.txt:67 (ament_target_dependencies)
[1.323s] 
[1.323s] [0m
[1.323s] -- Configuring incomplete, errors occurred!
[1.323s] See also "/home/abhijeet/home/abhijeet/ros2_ws/src/build/rover_sw_pwrtrain/CMakeFiles/CMakeOutput.log".
[1.358s] gmake: *** [Makefile:432: cmake_check_build_system] Error 1
[1.365s] Invoked command in '/home/abhijeet/home/abhijeet/ros2_ws/src/build/rover_sw_pwrtrain' returned '2': CMAKE_PREFIX_PATH=${CMAKE_PREFIX_PATH}:/opt/ros/humble /usr/bin/cmake --build /home/abhijeet/home/abhijeet/ros2_ws/src/build/rover_sw_pwrtrain -- -j4 -l4
