[0.404s] DEBUG:colcon:Command line arguments: ['/usr/bin/colcon', 'build', '--packages-select', 'rover_sw_pwrtrain']
[0.405s] DEBUG:colcon:Parsed command line arguments: Namespace(log_base=None, log_level=None, verb_name='build', build_base='build', install_base='install', merge_install=False, symlink_install=False, test_result_base=None, continue_on_error=False, executor='parallel', parallel_workers=4, event_handlers=None, ignore_user_meta=False, metas=['./colcon.meta'], base_paths=['.'], packages_ignore=None, packages_ignore_regex=None, paths=None, packages_up_to=None, packages_up_to_regex=None, packages_above=None, packages_above_and_dependencies=None, packages_above_depth=None, packages_select_by_dep=None, packages_skip_by_dep=None, packages_skip_up_to=None, packages_select_build_failed=False, packages_skip_build_finished=False, packages_select_test_failures=False, packages_skip_test_passed=False, packages_select=['rover_sw_pwrtrain'], packages_skip=None, packages_select_regex=None, packages_skip_regex=None, packages_start=None, packages_end=None, allow_overriding=[], cmake_args=None, cmake_target=None, cmake_target_skip_unavailable=False, cmake_clean_cache=False, cmake_clean_first=False, cmake_force_configure=False, ament_cmake_args=None, catkin_cmake_args=None, catkin_skip_building_tests=False, verb_parser=<colcon_defaults.argument_parser.defaults.DefaultArgumentsDecorator object at 0xffff8107f8e0>, verb_extension=<colcon_core.verb.build.BuildVerb object at 0xffff8126cc70>, main=<bound method BuildVerb.main of <colcon_core.verb.build.BuildVerb object at 0xffff8126cc70>>)
[0.968s] Level 1:colcon.colcon_core.package_discovery:discover_packages(colcon_meta) check parameters
[0.969s] Level 1:colcon.colcon_core.package_discovery:discover_packages(recursive) check parameters
[0.969s] Level 1:colcon.colcon_core.package_discovery:discover_packages(ignore) check parameters
[0.969s] Level 1:colcon.colcon_core.package_discovery:discover_packages(path) check parameters
[0.969s] Level 1:colcon.colcon_core.package_discovery:discover_packages(colcon_meta) discover
[0.969s] Level 1:colcon.colcon_core.package_discovery:discover_packages(recursive) discover
[0.970s] INFO:colcon.colcon_core.package_discovery:Crawling recursively for packages in '/home/abhijeet/home/abhijeet/ros2_ws/src'
[0.970s] Level 1:colcon.colcon_core.package_identification:_identify(.) by extensions ['ignore', 'ignore_ament_install']
[0.970s] Level 1:colcon.colcon_core.package_identification:_identify(.) by extension 'ignore'
[0.971s] Level 1:colcon.colcon_core.package_identification:_identify(.) by extension 'ignore_ament_install'
[0.971s] Level 1:colcon.colcon_core.package_identification:_identify(.) by extensions ['colcon_pkg']
[0.971s] Level 1:colcon.colcon_core.package_identification:_identify(.) by extension 'colcon_pkg'
[0.971s] Level 1:colcon.colcon_core.package_identification:_identify(.) by extensions ['colcon_meta']
[0.972s] Level 1:colcon.colcon_core.package_identification:_identify(.) by extension 'colcon_meta'
[0.972s] Level 1:colcon.colcon_core.package_identification:_identify(.) by extensions ['ros']
[0.972s] Level 1:colcon.colcon_core.package_identification:_identify(.) by extension 'ros'
[1.018s] Level 1:colcon.colcon_core.package_identification:_identify(.) by extensions ['cmake', 'python']
[1.019s] Level 1:colcon.colcon_core.package_identification:_identify(.) by extension 'cmake'
[1.019s] Level 1:colcon.colcon_core.package_identification:_identify(.) by extension 'python'
[1.019s] Level 1:colcon.colcon_core.package_identification:_identify(.) by extensions ['python_setup_py']
[1.019s] Level 1:colcon.colcon_core.package_identification:_identify(.) by extension 'python_setup_py'
[1.020s] Level 1:colcon.colcon_core.package_identification:_identify(build) by extensions ['ignore', 'ignore_ament_install']
[1.020s] Level 1:colcon.colcon_core.package_identification:_identify(build) by extension 'ignore'
[1.020s] Level 1:colcon.colcon_core.package_identification:_identify(build) ignored
[1.021s] Level 1:colcon.colcon_core.package_identification:_identify(gridrover_teleop) by extensions ['ignore', 'ignore_ament_install']
[1.021s] Level 1:colcon.colcon_core.package_identification:_identify(gridrover_teleop) by extension 'ignore'
[1.022s] Level 1:colcon.colcon_core.package_identification:_identify(gridrover_teleop) by extension 'ignore_ament_install'
[1.022s] Level 1:colcon.colcon_core.package_identification:_identify(gridrover_teleop) by extensions ['colcon_pkg']
[1.022s] Level 1:colcon.colcon_core.package_identification:_identify(gridrover_teleop) by extension 'colcon_pkg'
[1.022s] Level 1:colcon.colcon_core.package_identification:_identify(gridrover_teleop) by extensions ['colcon_meta']
[1.022s] Level 1:colcon.colcon_core.package_identification:_identify(gridrover_teleop) by extension 'colcon_meta'
[1.022s] Level 1:colcon.colcon_core.package_identification:_identify(gridrover_teleop) by extensions ['ros']
[1.023s] Level 1:colcon.colcon_core.package_identification:_identify(gridrover_teleop) by extension 'ros'
[1.033s] DEBUG:colcon.colcon_core.package_identification:Package 'gridrover_teleop' with type 'ros.ament_python' and name 'gridrover_teleop'
[1.034s] Level 1:colcon.colcon_core.package_identification:_identify(install) by extensions ['ignore', 'ignore_ament_install']
[1.034s] Level 1:colcon.colcon_core.package_identification:_identify(install) by extension 'ignore'
[1.035s] Level 1:colcon.colcon_core.package_identification:_identify(install) ignored
[1.035s] Level 1:colcon.colcon_core.package_identification:_identify(log) by extensions ['ignore', 'ignore_ament_install']
[1.036s] Level 1:colcon.colcon_core.package_identification:_identify(log) by extension 'ignore'
[1.036s] Level 1:colcon.colcon_core.package_identification:_identify(log) ignored
[1.036s] Level 1:colcon.colcon_core.package_identification:_identify(ros_test) by extensions ['ignore', 'ignore_ament_install']
[1.036s] Level 1:colcon.colcon_core.package_identification:_identify(ros_test) by extension 'ignore'
[1.037s] Level 1:colcon.colcon_core.package_identification:_identify(ros_test) by extension 'ignore_ament_install'
[1.037s] Level 1:colcon.colcon_core.package_identification:_identify(ros_test) by extensions ['colcon_pkg']
[1.037s] Level 1:colcon.colcon_core.package_identification:_identify(ros_test) by extension 'colcon_pkg'
[1.037s] Level 1:colcon.colcon_core.package_identification:_identify(ros_test) by extensions ['colcon_meta']
[1.037s] Level 1:colcon.colcon_core.package_identification:_identify(ros_test) by extension 'colcon_meta'
[1.037s] Level 1:colcon.colcon_core.package_identification:_identify(ros_test) by extensions ['ros']
[1.038s] Level 1:colcon.colcon_core.package_identification:_identify(ros_test) by extension 'ros'
[1.040s] DEBUG:colcon.colcon_core.package_identification:Package 'ros_test' with type 'ros.ament_cmake' and name 'ros_test'
[1.041s] Level 1:colcon.colcon_core.package_identification:_identify(rover_sw_pwrtrain) by extensions ['ignore', 'ignore_ament_install']
[1.041s] Level 1:colcon.colcon_core.package_identification:_identify(rover_sw_pwrtrain) by extension 'ignore'
[1.041s] Level 1:colcon.colcon_core.package_identification:_identify(rover_sw_pwrtrain) by extension 'ignore_ament_install'
[1.042s] Level 1:colcon.colcon_core.package_identification:_identify(rover_sw_pwrtrain) by extensions ['colcon_pkg']
[1.042s] Level 1:colcon.colcon_core.package_identification:_identify(rover_sw_pwrtrain) by extension 'colcon_pkg'
[1.042s] Level 1:colcon.colcon_core.package_identification:_identify(rover_sw_pwrtrain) by extensions ['colcon_meta']
[1.042s] Level 1:colcon.colcon_core.package_identification:_identify(rover_sw_pwrtrain) by extension 'colcon_meta'
[1.042s] Level 1:colcon.colcon_core.package_identification:_identify(rover_sw_pwrtrain) by extensions ['ros']
[1.042s] Level 1:colcon.colcon_core.package_identification:_identify(rover_sw_pwrtrain) by extension 'ros'
[1.045s] DEBUG:colcon.colcon_core.package_identification:Package 'rover_sw_pwrtrain' with type 'ros.ament_cmake' and name 'rover_sw_pwrtrain'
[1.045s] Level 1:colcon.colcon_core.package_identification:_identify(scripts) by extensions ['ignore', 'ignore_ament_install']
[1.046s] Level 1:colcon.colcon_core.package_identification:_identify(scripts) by extension 'ignore'
[1.046s] Level 1:colcon.colcon_core.package_identification:_identify(scripts) by extension 'ignore_ament_install'
[1.046s] Level 1:colcon.colcon_core.package_identification:_identify(scripts) by extensions ['colcon_pkg']
[1.046s] Level 1:colcon.colcon_core.package_identification:_identify(scripts) by extension 'colcon_pkg'
[1.046s] Level 1:colcon.colcon_core.package_identification:_identify(scripts) by extensions ['colcon_meta']
[1.046s] Level 1:colcon.colcon_core.package_identification:_identify(scripts) by extension 'colcon_meta'
[1.047s] Level 1:colcon.colcon_core.package_identification:_identify(scripts) by extensions ['ros']
[1.047s] Level 1:colcon.colcon_core.package_identification:_identify(scripts) by extension 'ros'
[1.047s] Level 1:colcon.colcon_core.package_identification:_identify(scripts) by extensions ['cmake', 'python']
[1.047s] Level 1:colcon.colcon_core.package_identification:_identify(scripts) by extension 'cmake'
[1.047s] Level 1:colcon.colcon_core.package_identification:_identify(scripts) by extension 'python'
[1.048s] Level 1:colcon.colcon_core.package_identification:_identify(scripts) by extensions ['python_setup_py']
[1.048s] Level 1:colcon.colcon_core.package_identification:_identify(scripts) by extension 'python_setup_py'
[1.048s] Level 1:colcon.colcon_core.package_discovery:discover_packages(recursive) using defaults
[1.048s] Level 1:colcon.colcon_core.package_discovery:discover_packages(ignore) discover
[1.048s] Level 1:colcon.colcon_core.package_discovery:discover_packages(ignore) using defaults
[1.048s] Level 1:colcon.colcon_core.package_discovery:discover_packages(path) discover
[1.048s] Level 1:colcon.colcon_core.package_discovery:discover_packages(path) using defaults
[1.134s] INFO:colcon.colcon_core.package_selection:Skipping not selected package 'gridrover_teleop' in 'gridrover_teleop'
[1.134s] INFO:colcon.colcon_core.package_selection:Skipping not selected package 'ros_test' in 'ros_test'
[1.136s] Level 1:colcon.colcon_core.package_discovery:discover_packages(prefix_path) check parameters
[1.136s] Level 1:colcon.colcon_core.package_discovery:discover_packages(prefix_path) discover
[1.158s] DEBUG:colcon.colcon_installed_package_information.package_discovery:Found 2 installed packages in /home/abhijeet/home/abhijeet/ros2_ws/src/install
[1.163s] DEBUG:colcon.colcon_installed_package_information.package_discovery:Found 316 installed packages in /opt/ros/humble
[1.257s] Level 1:colcon.colcon_core.package_discovery:discover_packages(prefix_path) using defaults
[1.437s] Level 5:colcon.colcon_core.verb:set package 'rover_sw_pwrtrain' build argument 'cmake_args' from command line to 'None'
[1.437s] Level 5:colcon.colcon_core.verb:set package 'rover_sw_pwrtrain' build argument 'cmake_target' from command line to 'None'
[1.437s] Level 5:colcon.colcon_core.verb:set package 'rover_sw_pwrtrain' build argument 'cmake_target_skip_unavailable' from command line to 'False'
[1.438s] Level 5:colcon.colcon_core.verb:set package 'rover_sw_pwrtrain' build argument 'cmake_clean_cache' from command line to 'False'
[1.438s] Level 5:colcon.colcon_core.verb:set package 'rover_sw_pwrtrain' build argument 'cmake_clean_first' from command line to 'False'
[1.438s] Level 5:colcon.colcon_core.verb:set package 'rover_sw_pwrtrain' build argument 'cmake_force_configure' from command line to 'False'
[1.438s] Level 5:colcon.colcon_core.verb:set package 'rover_sw_pwrtrain' build argument 'ament_cmake_args' from command line to 'None'
[1.438s] Level 5:colcon.colcon_core.verb:set package 'rover_sw_pwrtrain' build argument 'catkin_cmake_args' from command line to 'None'
[1.438s] Level 5:colcon.colcon_core.verb:set package 'rover_sw_pwrtrain' build argument 'catkin_skip_building_tests' from command line to 'False'
[1.438s] DEBUG:colcon.colcon_core.verb:Building package 'rover_sw_pwrtrain' with the following arguments: {'ament_cmake_args': None, 'build_base': '/home/abhijeet/home/abhijeet/ros2_ws/src/build/rover_sw_pwrtrain', 'catkin_cmake_args': None, 'catkin_skip_building_tests': False, 'cmake_args': None, 'cmake_clean_cache': False, 'cmake_clean_first': False, 'cmake_force_configure': False, 'cmake_target': None, 'cmake_target_skip_unavailable': False, 'install_base': '/home/abhijeet/home/abhijeet/ros2_ws/src/install/rover_sw_pwrtrain', 'merge_install': False, 'path': '/home/abhijeet/home/abhijeet/ros2_ws/src/rover_sw_pwrtrain', 'symlink_install': False, 'test_result_base': None}
[1.439s] INFO:colcon.colcon_core.executor:Executing jobs using 'parallel' executor
[1.443s] DEBUG:colcon.colcon_parallel_executor.executor.parallel:run_until_complete
[1.449s] INFO:colcon.colcon_ros.task.ament_cmake.build:Building ROS package in '/home/abhijeet/home/abhijeet/ros2_ws/src/rover_sw_pwrtrain' with build type 'ament_cmake'
[1.454s] INFO:colcon.colcon_cmake.task.cmake.build:Building CMake package in '/home/abhijeet/home/abhijeet/ros2_ws/src/rover_sw_pwrtrain'
[1.479s] INFO:colcon.colcon_core.plugin_system:Skipping extension 'colcon_core.shell.bat': Not used on non-Windows systems
[1.481s] INFO:colcon.colcon_core.shell:Skip shell extension 'powershell' for command environment: Not usable outside of PowerShell
[1.482s] DEBUG:colcon.colcon_core.shell:Skip shell extension 'dsv' for command environment
[1.522s] DEBUG:colcon.colcon_core.event_handler.log_command:Invoking command in '/home/abhijeet/home/abhijeet/ros2_ws/src/build/rover_sw_pwrtrain': CMAKE_PREFIX_PATH=${CMAKE_PREFIX_PATH}:/opt/ros/humble /usr/bin/cmake --build /home/abhijeet/home/abhijeet/ros2_ws/src/build/rover_sw_pwrtrain -- -j4 -l4
[2.090s] DEBUG:colcon.colcon_core.event_handler.log_command:Invoked command in '/home/abhijeet/home/abhijeet/ros2_ws/src/build/rover_sw_pwrtrain' returned '0': CMAKE_PREFIX_PATH=${CMAKE_PREFIX_PATH}:/opt/ros/humble /usr/bin/cmake --build /home/abhijeet/home/abhijeet/ros2_ws/src/build/rover_sw_pwrtrain -- -j4 -l4
[2.140s] DEBUG:colcon.colcon_core.event_handler.log_command:Invoking command in '/home/abhijeet/home/abhijeet/ros2_ws/src/build/rover_sw_pwrtrain': CMAKE_PREFIX_PATH=${CMAKE_PREFIX_PATH}:/opt/ros/humble /usr/bin/cmake --install /home/abhijeet/home/abhijeet/ros2_ws/src/build/rover_sw_pwrtrain
[2.204s] Level 1:colcon.colcon_core.environment:create_environment_scripts_only(rover_sw_pwrtrain)
[2.206s] DEBUG:colcon.colcon_core.event_handler.log_command:Invoked command in '/home/abhijeet/home/abhijeet/ros2_ws/src/build/rover_sw_pwrtrain' returned '0': CMAKE_PREFIX_PATH=${CMAKE_PREFIX_PATH}:/opt/ros/humble /usr/bin/cmake --install /home/abhijeet/home/abhijeet/ros2_ws/src/build/rover_sw_pwrtrain
[2.218s] Level 1:colcon.colcon_core.environment:checking '/home/abhijeet/home/abhijeet/ros2_ws/src/install/rover_sw_pwrtrain' for CMake module files
[2.223s] Level 1:colcon.colcon_core.environment:checking '/home/abhijeet/home/abhijeet/ros2_ws/src/install/rover_sw_pwrtrain' for CMake config files
[2.224s] Level 1:colcon.colcon_core.shell:create_environment_hook('rover_sw_pwrtrain', 'cmake_prefix_path')
[2.225s] INFO:colcon.colcon_core.shell:Creating environment hook '/home/abhijeet/home/abhijeet/ros2_ws/src/install/rover_sw_pwrtrain/share/rover_sw_pwrtrain/hook/cmake_prefix_path.ps1'
[2.228s] INFO:colcon.colcon_core.shell:Creating environment descriptor '/home/abhijeet/home/abhijeet/ros2_ws/src/install/rover_sw_pwrtrain/share/rover_sw_pwrtrain/hook/cmake_prefix_path.dsv'
[2.230s] INFO:colcon.colcon_core.shell:Creating environment hook '/home/abhijeet/home/abhijeet/ros2_ws/src/install/rover_sw_pwrtrain/share/rover_sw_pwrtrain/hook/cmake_prefix_path.sh'
[2.233s] Level 1:colcon.colcon_core.environment:checking '/home/abhijeet/home/abhijeet/ros2_ws/src/install/rover_sw_pwrtrain/lib'
[2.234s] Level 1:colcon.colcon_core.environment:checking '/home/abhijeet/home/abhijeet/ros2_ws/src/install/rover_sw_pwrtrain/bin'
[2.234s] Level 1:colcon.colcon_core.environment:checking '/home/abhijeet/home/abhijeet/ros2_ws/src/install/rover_sw_pwrtrain/lib/pkgconfig/rover_sw_pwrtrain.pc'
[2.235s] Level 1:colcon.colcon_core.environment:checking '/home/abhijeet/home/abhijeet/ros2_ws/src/install/rover_sw_pwrtrain/lib/python3.10/site-packages'
[2.236s] Level 1:colcon.colcon_core.environment:checking '/home/abhijeet/home/abhijeet/ros2_ws/src/install/rover_sw_pwrtrain/bin'
[2.238s] INFO:colcon.colcon_core.shell:Creating package script '/home/abhijeet/home/abhijeet/ros2_ws/src/install/rover_sw_pwrtrain/share/rover_sw_pwrtrain/package.ps1'
[2.241s] INFO:colcon.colcon_core.shell:Creating package descriptor '/home/abhijeet/home/abhijeet/ros2_ws/src/install/rover_sw_pwrtrain/share/rover_sw_pwrtrain/package.dsv'
[2.244s] INFO:colcon.colcon_core.shell:Creating package script '/home/abhijeet/home/abhijeet/ros2_ws/src/install/rover_sw_pwrtrain/share/rover_sw_pwrtrain/package.sh'
[2.247s] INFO:colcon.colcon_core.shell:Creating package script '/home/abhijeet/home/abhijeet/ros2_ws/src/install/rover_sw_pwrtrain/share/rover_sw_pwrtrain/package.bash'
[2.250s] INFO:colcon.colcon_core.shell:Creating package script '/home/abhijeet/home/abhijeet/ros2_ws/src/install/rover_sw_pwrtrain/share/rover_sw_pwrtrain/package.zsh'
[2.252s] Level 1:colcon.colcon_core.environment:create_file_with_runtime_dependencies(/home/abhijeet/home/abhijeet/ros2_ws/src/install/rover_sw_pwrtrain/share/colcon-core/packages/rover_sw_pwrtrain)
[2.255s] Level 1:colcon.colcon_core.environment:create_environment_scripts_only(rover_sw_pwrtrain)
[2.256s] Level 1:colcon.colcon_core.environment:checking '/home/abhijeet/home/abhijeet/ros2_ws/src/install/rover_sw_pwrtrain' for CMake module files
[2.258s] Level 1:colcon.colcon_core.environment:checking '/home/abhijeet/home/abhijeet/ros2_ws/src/install/rover_sw_pwrtrain' for CMake config files
[2.259s] Level 1:colcon.colcon_core.shell:create_environment_hook('rover_sw_pwrtrain', 'cmake_prefix_path')
[2.260s] INFO:colcon.colcon_core.shell:Creating environment hook '/home/abhijeet/home/abhijeet/ros2_ws/src/install/rover_sw_pwrtrain/share/rover_sw_pwrtrain/hook/cmake_prefix_path.ps1'
[2.261s] INFO:colcon.colcon_core.shell:Creating environment descriptor '/home/abhijeet/home/abhijeet/ros2_ws/src/install/rover_sw_pwrtrain/share/rover_sw_pwrtrain/hook/cmake_prefix_path.dsv'
[2.263s] INFO:colcon.colcon_core.shell:Creating environment hook '/home/abhijeet/home/abhijeet/ros2_ws/src/install/rover_sw_pwrtrain/share/rover_sw_pwrtrain/hook/cmake_prefix_path.sh'
[2.265s] Level 1:colcon.colcon_core.environment:checking '/home/abhijeet/home/abhijeet/ros2_ws/src/install/rover_sw_pwrtrain/lib'
[2.266s] Level 1:colcon.colcon_core.environment:checking '/home/abhijeet/home/abhijeet/ros2_ws/src/install/rover_sw_pwrtrain/bin'
[2.266s] Level 1:colcon.colcon_core.environment:checking '/home/abhijeet/home/abhijeet/ros2_ws/src/install/rover_sw_pwrtrain/lib/pkgconfig/rover_sw_pwrtrain.pc'
[2.267s] Level 1:colcon.colcon_core.environment:checking '/home/abhijeet/home/abhijeet/ros2_ws/src/install/rover_sw_pwrtrain/lib/python3.10/site-packages'
[2.268s] Level 1:colcon.colcon_core.environment:checking '/home/abhijeet/home/abhijeet/ros2_ws/src/install/rover_sw_pwrtrain/bin'
[2.269s] INFO:colcon.colcon_core.shell:Creating package script '/home/abhijeet/home/abhijeet/ros2_ws/src/install/rover_sw_pwrtrain/share/rover_sw_pwrtrain/package.ps1'
[2.272s] INFO:colcon.colcon_core.shell:Creating package descriptor '/home/abhijeet/home/abhijeet/ros2_ws/src/install/rover_sw_pwrtrain/share/rover_sw_pwrtrain/package.dsv'
[2.274s] INFO:colcon.colcon_core.shell:Creating package script '/home/abhijeet/home/abhijeet/ros2_ws/src/install/rover_sw_pwrtrain/share/rover_sw_pwrtrain/package.sh'
[2.275s] INFO:colcon.colcon_core.shell:Creating package script '/home/abhijeet/home/abhijeet/ros2_ws/src/install/rover_sw_pwrtrain/share/rover_sw_pwrtrain/package.bash'
[2.277s] INFO:colcon.colcon_core.shell:Creating package script '/home/abhijeet/home/abhijeet/ros2_ws/src/install/rover_sw_pwrtrain/share/rover_sw_pwrtrain/package.zsh'
[2.279s] Level 1:colcon.colcon_core.environment:create_file_with_runtime_dependencies(/home/abhijeet/home/abhijeet/ros2_ws/src/install/rover_sw_pwrtrain/share/colcon-core/packages/rover_sw_pwrtrain)
[2.282s] DEBUG:colcon.colcon_parallel_executor.executor.parallel:closing loop
[2.283s] DEBUG:colcon.colcon_parallel_executor.executor.parallel:loop closed
[2.283s] DEBUG:colcon.colcon_parallel_executor.executor.parallel:run_until_complete finished with '0'
[2.283s] DEBUG:colcon.colcon_core.event_reactor:joining thread
[2.303s] INFO:colcon.colcon_core.plugin_system:Skipping extension 'colcon_notification.desktop_notification.terminal_notifier': Not used on non-Darwin systems
[2.303s] INFO:colcon.colcon_core.plugin_system:Skipping extension 'colcon_notification.desktop_notification.win32': Not used on non-Windows systems
[2.303s] INFO:colcon.colcon_notification.desktop_notification:Sending desktop notification using 'notify2'
[2.383s] DEBUG:colcon.colcon_core.event_reactor:joined thread
[2.386s] INFO:colcon.colcon_core.shell:Creating prefix script '/home/abhijeet/home/abhijeet/ros2_ws/src/install/local_setup.ps1'
[2.391s] INFO:colcon.colcon_core.shell:Creating prefix util module '/home/abhijeet/home/abhijeet/ros2_ws/src/install/_local_setup_util_ps1.py'
[2.405s] INFO:colcon.colcon_core.shell:Creating prefix chain script '/home/abhijeet/home/abhijeet/ros2_ws/src/install/setup.ps1'
[2.426s] INFO:colcon.colcon_core.shell:Creating prefix script '/home/abhijeet/home/abhijeet/ros2_ws/src/install/local_setup.sh'
[2.431s] INFO:colcon.colcon_core.shell:Creating prefix util module '/home/abhijeet/home/abhijeet/ros2_ws/src/install/_local_setup_util_sh.py'
[2.435s] INFO:colcon.colcon_core.shell:Creating prefix chain script '/home/abhijeet/home/abhijeet/ros2_ws/src/install/setup.sh'
[2.442s] INFO:colcon.colcon_core.shell:Creating prefix script '/home/abhijeet/home/abhijeet/ros2_ws/src/install/local_setup.bash'
[2.445s] INFO:colcon.colcon_core.shell:Creating prefix chain script '/home/abhijeet/home/abhijeet/ros2_ws/src/install/setup.bash'
[2.454s] INFO:colcon.colcon_core.shell:Creating prefix script '/home/abhijeet/home/abhijeet/ros2_ws/src/install/local_setup.zsh'
[2.458s] INFO:colcon.colcon_core.shell:Creating prefix chain script '/home/abhijeet/home/abhijeet/ros2_ws/src/install/setup.zsh'
