[0.376s] DEBUG:colcon:Command line arguments: ['/usr/bin/colcon', 'build', '--packages-select', 'rover_sw_pwrtrain']
[0.376s] DEBUG:colcon:Parsed command line arguments: Namespace(log_base=None, log_level=None, verb_name='build', build_base='build', install_base='install', merge_install=False, symlink_install=False, test_result_base=None, continue_on_error=False, executor='parallel', parallel_workers=4, event_handlers=None, ignore_user_meta=False, metas=['./colcon.meta'], base_paths=['.'], packages_ignore=None, packages_ignore_regex=None, paths=None, packages_up_to=None, packages_up_to_regex=None, packages_above=None, packages_above_and_dependencies=None, packages_above_depth=None, packages_select_by_dep=None, packages_skip_by_dep=None, packages_skip_up_to=None, packages_select_build_failed=False, packages_skip_build_finished=False, packages_select_test_failures=False, packages_skip_test_passed=False, packages_select=['rover_sw_pwrtrain'], packages_skip=None, packages_select_regex=None, packages_skip_regex=None, packages_start=None, packages_end=None, allow_overriding=[], cmake_args=None, cmake_target=None, cmake_target_skip_unavailable=False, cmake_clean_cache=False, cmake_clean_first=False, cmake_force_configure=False, ament_cmake_args=None, catkin_cmake_args=None, catkin_skip_building_tests=False, verb_parser=<colcon_defaults.argument_parser.defaults.DefaultArgumentsDecorator object at 0xffff95f9f8e0>, verb_extension=<colcon_core.verb.build.BuildVerb object at 0xffff9618cc70>, main=<bound method BuildVerb.main of <colcon_core.verb.build.BuildVerb object at 0xffff9618cc70>>)
[0.977s] Level 1:colcon.colcon_core.package_discovery:discover_packages(colcon_meta) check parameters
[0.978s] Level 1:colcon.colcon_core.package_discovery:discover_packages(recursive) check parameters
[0.978s] Level 1:colcon.colcon_core.package_discovery:discover_packages(ignore) check parameters
[0.978s] Level 1:colcon.colcon_core.package_discovery:discover_packages(path) check parameters
[0.978s] Level 1:colcon.colcon_core.package_discovery:discover_packages(colcon_meta) discover
[0.979s] Level 1:colcon.colcon_core.package_discovery:discover_packages(recursive) discover
[0.979s] INFO:colcon.colcon_core.package_discovery:Crawling recursively for packages in '/home/abhijeet/home/abhijeet/ros2_ws/src'
[0.979s] Level 1:colcon.colcon_core.package_identification:_identify(.) by extensions ['ignore', 'ignore_ament_install']
[0.980s] Level 1:colcon.colcon_core.package_identification:_identify(.) by extension 'ignore'
[0.980s] Level 1:colcon.colcon_core.package_identification:_identify(.) by extension 'ignore_ament_install'
[0.980s] Level 1:colcon.colcon_core.package_identification:_identify(.) by extensions ['colcon_pkg']
[0.980s] Level 1:colcon.colcon_core.package_identification:_identify(.) by extension 'colcon_pkg'
[0.981s] Level 1:colcon.colcon_core.package_identification:_identify(.) by extensions ['colcon_meta']
[0.981s] Level 1:colcon.colcon_core.package_identification:_identify(.) by extension 'colcon_meta'
[0.981s] Level 1:colcon.colcon_core.package_identification:_identify(.) by extensions ['ros']
[0.981s] Level 1:colcon.colcon_core.package_identification:_identify(.) by extension 'ros'
[1.026s] Level 1:colcon.colcon_core.package_identification:_identify(.) by extensions ['cmake', 'python']
[1.026s] Level 1:colcon.colcon_core.package_identification:_identify(.) by extension 'cmake'
[1.026s] Level 1:colcon.colcon_core.package_identification:_identify(.) by extension 'python'
[1.027s] Level 1:colcon.colcon_core.package_identification:_identify(.) by extensions ['python_setup_py']
[1.027s] Level 1:colcon.colcon_core.package_identification:_identify(.) by extension 'python_setup_py'
[1.027s] Level 1:colcon.colcon_core.package_identification:_identify(build) by extensions ['ignore', 'ignore_ament_install']
[1.028s] Level 1:colcon.colcon_core.package_identification:_identify(build) by extension 'ignore'
[1.028s] Level 1:colcon.colcon_core.package_identification:_identify(build) ignored
[1.029s] Level 1:colcon.colcon_core.package_identification:_identify(gridrover_teleop) by extensions ['ignore', 'ignore_ament_install']
[1.029s] Level 1:colcon.colcon_core.package_identification:_identify(gridrover_teleop) by extension 'ignore'
[1.029s] Level 1:colcon.colcon_core.package_identification:_identify(gridrover_teleop) by extension 'ignore_ament_install'
[1.029s] Level 1:colcon.colcon_core.package_identification:_identify(gridrover_teleop) by extensions ['colcon_pkg']
[1.030s] Level 1:colcon.colcon_core.package_identification:_identify(gridrover_teleop) by extension 'colcon_pkg'
[1.030s] Level 1:colcon.colcon_core.package_identification:_identify(gridrover_teleop) by extensions ['colcon_meta']
[1.030s] Level 1:colcon.colcon_core.package_identification:_identify(gridrover_teleop) by extension 'colcon_meta'
[1.030s] Level 1:colcon.colcon_core.package_identification:_identify(gridrover_teleop) by extensions ['ros']
[1.030s] Level 1:colcon.colcon_core.package_identification:_identify(gridrover_teleop) by extension 'ros'
[1.041s] DEBUG:colcon.colcon_core.package_identification:Package 'gridrover_teleop' with type 'ros.ament_python' and name 'gridrover_teleop'
[1.042s] Level 1:colcon.colcon_core.package_identification:_identify(install) by extensions ['ignore', 'ignore_ament_install']
[1.042s] Level 1:colcon.colcon_core.package_identification:_identify(install) by extension 'ignore'
[1.042s] Level 1:colcon.colcon_core.package_identification:_identify(install) ignored
[1.043s] Level 1:colcon.colcon_core.package_identification:_identify(log) by extensions ['ignore', 'ignore_ament_install']
[1.043s] Level 1:colcon.colcon_core.package_identification:_identify(log) by extension 'ignore'
[1.043s] Level 1:colcon.colcon_core.package_identification:_identify(log) ignored
[1.044s] Level 1:colcon.colcon_core.package_identification:_identify(ros_test) by extensions ['ignore', 'ignore_ament_install']
[1.044s] Level 1:colcon.colcon_core.package_identification:_identify(ros_test) by extension 'ignore'
[1.044s] Level 1:colcon.colcon_core.package_identification:_identify(ros_test) by extension 'ignore_ament_install'
[1.044s] Level 1:colcon.colcon_core.package_identification:_identify(ros_test) by extensions ['colcon_pkg']
[1.045s] Level 1:colcon.colcon_core.package_identification:_identify(ros_test) by extension 'colcon_pkg'
[1.045s] Level 1:colcon.colcon_core.package_identification:_identify(ros_test) by extensions ['colcon_meta']
[1.045s] Level 1:colcon.colcon_core.package_identification:_identify(ros_test) by extension 'colcon_meta'
[1.045s] Level 1:colcon.colcon_core.package_identification:_identify(ros_test) by extensions ['ros']
[1.045s] Level 1:colcon.colcon_core.package_identification:_identify(ros_test) by extension 'ros'
[1.048s] DEBUG:colcon.colcon_core.package_identification:Package 'ros_test' with type 'ros.ament_cmake' and name 'ros_test'
[1.048s] Level 1:colcon.colcon_core.package_identification:_identify(rover_sw_pwrtrain) by extensions ['ignore', 'ignore_ament_install']
[1.048s] Level 1:colcon.colcon_core.package_identification:_identify(rover_sw_pwrtrain) by extension 'ignore'
[1.049s] Level 1:colcon.colcon_core.package_identification:_identify(rover_sw_pwrtrain) by extension 'ignore_ament_install'
[1.049s] Level 1:colcon.colcon_core.package_identification:_identify(rover_sw_pwrtrain) by extensions ['colcon_pkg']
[1.049s] Level 1:colcon.colcon_core.package_identification:_identify(rover_sw_pwrtrain) by extension 'colcon_pkg'
[1.049s] Level 1:colcon.colcon_core.package_identification:_identify(rover_sw_pwrtrain) by extensions ['colcon_meta']
[1.049s] Level 1:colcon.colcon_core.package_identification:_identify(rover_sw_pwrtrain) by extension 'colcon_meta'
[1.049s] Level 1:colcon.colcon_core.package_identification:_identify(rover_sw_pwrtrain) by extensions ['ros']
[1.050s] Level 1:colcon.colcon_core.package_identification:_identify(rover_sw_pwrtrain) by extension 'ros'
[1.052s] DEBUG:colcon.colcon_core.package_identification:Package 'rover_sw_pwrtrain' with type 'ros.ament_cmake' and name 'rover_sw_pwrtrain'
[1.052s] Level 1:colcon.colcon_core.package_identification:_identify(scripts) by extensions ['ignore', 'ignore_ament_install']
[1.053s] Level 1:colcon.colcon_core.package_identification:_identify(scripts) by extension 'ignore'
[1.053s] Level 1:colcon.colcon_core.package_identification:_identify(scripts) by extension 'ignore_ament_install'
[1.053s] Level 1:colcon.colcon_core.package_identification:_identify(scripts) by extensions ['colcon_pkg']
[1.053s] Level 1:colcon.colcon_core.package_identification:_identify(scripts) by extension 'colcon_pkg'
[1.053s] Level 1:colcon.colcon_core.package_identification:_identify(scripts) by extensions ['colcon_meta']
[1.053s] Level 1:colcon.colcon_core.package_identification:_identify(scripts) by extension 'colcon_meta'
[1.054s] Level 1:colcon.colcon_core.package_identification:_identify(scripts) by extensions ['ros']
[1.054s] Level 1:colcon.colcon_core.package_identification:_identify(scripts) by extension 'ros'
[1.054s] Level 1:colcon.colcon_core.package_identification:_identify(scripts) by extensions ['cmake', 'python']
[1.054s] Level 1:colcon.colcon_core.package_identification:_identify(scripts) by extension 'cmake'
[1.054s] Level 1:colcon.colcon_core.package_identification:_identify(scripts) by extension 'python'
[1.054s] Level 1:colcon.colcon_core.package_identification:_identify(scripts) by extensions ['python_setup_py']
[1.055s] Level 1:colcon.colcon_core.package_identification:_identify(scripts) by extension 'python_setup_py'
[1.055s] Level 1:colcon.colcon_core.package_discovery:discover_packages(recursive) using defaults
[1.055s] Level 1:colcon.colcon_core.package_discovery:discover_packages(ignore) discover
[1.055s] Level 1:colcon.colcon_core.package_discovery:discover_packages(ignore) using defaults
[1.055s] Level 1:colcon.colcon_core.package_discovery:discover_packages(path) discover
[1.055s] Level 1:colcon.colcon_core.package_discovery:discover_packages(path) using defaults
[1.126s] INFO:colcon.colcon_core.package_selection:Skipping not selected package 'gridrover_teleop' in 'gridrover_teleop'
[1.127s] INFO:colcon.colcon_core.package_selection:Skipping not selected package 'ros_test' in 'ros_test'
[1.129s] Level 1:colcon.colcon_core.package_discovery:discover_packages(prefix_path) check parameters
[1.129s] Level 1:colcon.colcon_core.package_discovery:discover_packages(prefix_path) discover
[1.137s] DEBUG:colcon.colcon_installed_package_information.package_discovery:Found 2 installed packages in /home/abhijeet/home/abhijeet/ros2_ws/src/install
[1.141s] DEBUG:colcon.colcon_installed_package_information.package_discovery:Found 316 installed packages in /opt/ros/humble
[1.211s] Level 1:colcon.colcon_core.package_discovery:discover_packages(prefix_path) using defaults
[1.359s] Level 5:colcon.colcon_core.verb:set package 'rover_sw_pwrtrain' build argument 'cmake_args' from command line to 'None'
[1.359s] Level 5:colcon.colcon_core.verb:set package 'rover_sw_pwrtrain' build argument 'cmake_target' from command line to 'None'
[1.359s] Level 5:colcon.colcon_core.verb:set package 'rover_sw_pwrtrain' build argument 'cmake_target_skip_unavailable' from command line to 'False'
[1.359s] Level 5:colcon.colcon_core.verb:set package 'rover_sw_pwrtrain' build argument 'cmake_clean_cache' from command line to 'False'
[1.359s] Level 5:colcon.colcon_core.verb:set package 'rover_sw_pwrtrain' build argument 'cmake_clean_first' from command line to 'False'
[1.360s] Level 5:colcon.colcon_core.verb:set package 'rover_sw_pwrtrain' build argument 'cmake_force_configure' from command line to 'False'
[1.360s] Level 5:colcon.colcon_core.verb:set package 'rover_sw_pwrtrain' build argument 'ament_cmake_args' from command line to 'None'
[1.360s] Level 5:colcon.colcon_core.verb:set package 'rover_sw_pwrtrain' build argument 'catkin_cmake_args' from command line to 'None'
[1.360s] Level 5:colcon.colcon_core.verb:set package 'rover_sw_pwrtrain' build argument 'catkin_skip_building_tests' from command line to 'False'
[1.360s] DEBUG:colcon.colcon_core.verb:Building package 'rover_sw_pwrtrain' with the following arguments: {'ament_cmake_args': None, 'build_base': '/home/abhijeet/home/abhijeet/ros2_ws/src/build/rover_sw_pwrtrain', 'catkin_cmake_args': None, 'catkin_skip_building_tests': False, 'cmake_args': None, 'cmake_clean_cache': False, 'cmake_clean_first': False, 'cmake_force_configure': False, 'cmake_target': None, 'cmake_target_skip_unavailable': False, 'install_base': '/home/abhijeet/home/abhijeet/ros2_ws/src/install/rover_sw_pwrtrain', 'merge_install': False, 'path': '/home/abhijeet/home/abhijeet/ros2_ws/src/rover_sw_pwrtrain', 'symlink_install': False, 'test_result_base': None}
[1.361s] INFO:colcon.colcon_core.executor:Executing jobs using 'parallel' executor
[1.365s] DEBUG:colcon.colcon_parallel_executor.executor.parallel:run_until_complete
[1.365s] INFO:colcon.colcon_ros.task.ament_cmake.build:Building ROS package in '/home/abhijeet/home/abhijeet/ros2_ws/src/rover_sw_pwrtrain' with build type 'ament_cmake'
[1.366s] INFO:colcon.colcon_cmake.task.cmake.build:Building CMake package in '/home/abhijeet/home/abhijeet/ros2_ws/src/rover_sw_pwrtrain'
[1.375s] INFO:colcon.colcon_core.plugin_system:Skipping extension 'colcon_core.shell.bat': Not used on non-Windows systems
[1.375s] INFO:colcon.colcon_core.shell:Skip shell extension 'powershell' for command environment: Not usable outside of PowerShell
[1.376s] DEBUG:colcon.colcon_core.shell:Skip shell extension 'dsv' for command environment
[1.410s] DEBUG:colcon.colcon_core.event_handler.log_command:Invoking command in '/home/abhijeet/home/abhijeet/ros2_ws/src/build/rover_sw_pwrtrain': CMAKE_PREFIX_PATH=${CMAKE_PREFIX_PATH}:/opt/ros/humble /usr/bin/cmake --build /home/abhijeet/home/abhijeet/ros2_ws/src/build/rover_sw_pwrtrain -- -j4 -l4
[64.636s] DEBUG:colcon.colcon_core.event_handler.log_command:Invoked command in '/home/abhijeet/home/abhijeet/ros2_ws/src/build/rover_sw_pwrtrain' returned '0': CMAKE_PREFIX_PATH=${CMAKE_PREFIX_PATH}:/opt/ros/humble /usr/bin/cmake --build /home/abhijeet/home/abhijeet/ros2_ws/src/build/rover_sw_pwrtrain -- -j4 -l4
[64.670s] DEBUG:colcon.colcon_core.event_handler.log_command:Invoking command in '/home/abhijeet/home/abhijeet/ros2_ws/src/build/rover_sw_pwrtrain': CMAKE_PREFIX_PATH=${CMAKE_PREFIX_PATH}:/opt/ros/humble /usr/bin/cmake --install /home/abhijeet/home/abhijeet/ros2_ws/src/build/rover_sw_pwrtrain
[64.712s] Level 1:colcon.colcon_core.environment:create_environment_scripts_only(rover_sw_pwrtrain)
[64.721s] Level 1:colcon.colcon_core.environment:checking '/home/abhijeet/home/abhijeet/ros2_ws/src/install/rover_sw_pwrtrain' for CMake module files
[64.724s] DEBUG:colcon.colcon_core.event_handler.log_command:Invoked command in '/home/abhijeet/home/abhijeet/ros2_ws/src/build/rover_sw_pwrtrain' returned '0': CMAKE_PREFIX_PATH=${CMAKE_PREFIX_PATH}:/opt/ros/humble /usr/bin/cmake --install /home/abhijeet/home/abhijeet/ros2_ws/src/build/rover_sw_pwrtrain
[64.725s] Level 1:colcon.colcon_core.environment:checking '/home/abhijeet/home/abhijeet/ros2_ws/src/install/rover_sw_pwrtrain' for CMake config files
[64.726s] Level 1:colcon.colcon_core.shell:create_environment_hook('rover_sw_pwrtrain', 'cmake_prefix_path')
[64.727s] INFO:colcon.colcon_core.shell:Creating environment hook '/home/abhijeet/home/abhijeet/ros2_ws/src/install/rover_sw_pwrtrain/share/rover_sw_pwrtrain/hook/cmake_prefix_path.ps1'
[64.730s] INFO:colcon.colcon_core.shell:Creating environment descriptor '/home/abhijeet/home/abhijeet/ros2_ws/src/install/rover_sw_pwrtrain/share/rover_sw_pwrtrain/hook/cmake_prefix_path.dsv'
[64.732s] INFO:colcon.colcon_core.shell:Creating environment hook '/home/abhijeet/home/abhijeet/ros2_ws/src/install/rover_sw_pwrtrain/share/rover_sw_pwrtrain/hook/cmake_prefix_path.sh'
[64.735s] Level 1:colcon.colcon_core.environment:checking '/home/abhijeet/home/abhijeet/ros2_ws/src/install/rover_sw_pwrtrain/lib'
[64.736s] Level 1:colcon.colcon_core.environment:checking '/home/abhijeet/home/abhijeet/ros2_ws/src/install/rover_sw_pwrtrain/bin'
[64.736s] Level 1:colcon.colcon_core.environment:checking '/home/abhijeet/home/abhijeet/ros2_ws/src/install/rover_sw_pwrtrain/lib/pkgconfig/rover_sw_pwrtrain.pc'
[64.737s] Level 1:colcon.colcon_core.environment:checking '/home/abhijeet/home/abhijeet/ros2_ws/src/install/rover_sw_pwrtrain/lib/python3.10/site-packages'
[64.738s] Level 1:colcon.colcon_core.environment:checking '/home/abhijeet/home/abhijeet/ros2_ws/src/install/rover_sw_pwrtrain/bin'
[64.740s] INFO:colcon.colcon_core.shell:Creating package script '/home/abhijeet/home/abhijeet/ros2_ws/src/install/rover_sw_pwrtrain/share/rover_sw_pwrtrain/package.ps1'
[64.742s] INFO:colcon.colcon_core.shell:Creating package descriptor '/home/abhijeet/home/abhijeet/ros2_ws/src/install/rover_sw_pwrtrain/share/rover_sw_pwrtrain/package.dsv'
[64.744s] INFO:colcon.colcon_core.shell:Creating package script '/home/abhijeet/home/abhijeet/ros2_ws/src/install/rover_sw_pwrtrain/share/rover_sw_pwrtrain/package.sh'
[64.747s] INFO:colcon.colcon_core.shell:Creating package script '/home/abhijeet/home/abhijeet/ros2_ws/src/install/rover_sw_pwrtrain/share/rover_sw_pwrtrain/package.bash'
[64.749s] INFO:colcon.colcon_core.shell:Creating package script '/home/abhijeet/home/abhijeet/ros2_ws/src/install/rover_sw_pwrtrain/share/rover_sw_pwrtrain/package.zsh'
[64.751s] Level 1:colcon.colcon_core.environment:create_file_with_runtime_dependencies(/home/abhijeet/home/abhijeet/ros2_ws/src/install/rover_sw_pwrtrain/share/colcon-core/packages/rover_sw_pwrtrain)
[64.754s] Level 1:colcon.colcon_core.environment:create_environment_scripts_only(rover_sw_pwrtrain)
[64.755s] Level 1:colcon.colcon_core.environment:checking '/home/abhijeet/home/abhijeet/ros2_ws/src/install/rover_sw_pwrtrain' for CMake module files
[64.756s] Level 1:colcon.colcon_core.environment:checking '/home/abhijeet/home/abhijeet/ros2_ws/src/install/rover_sw_pwrtrain' for CMake config files
[64.757s] Level 1:colcon.colcon_core.shell:create_environment_hook('rover_sw_pwrtrain', 'cmake_prefix_path')
[64.758s] INFO:colcon.colcon_core.shell:Creating environment hook '/home/abhijeet/home/abhijeet/ros2_ws/src/install/rover_sw_pwrtrain/share/rover_sw_pwrtrain/hook/cmake_prefix_path.ps1'
[64.760s] INFO:colcon.colcon_core.shell:Creating environment descriptor '/home/abhijeet/home/abhijeet/ros2_ws/src/install/rover_sw_pwrtrain/share/rover_sw_pwrtrain/hook/cmake_prefix_path.dsv'
[64.761s] INFO:colcon.colcon_core.shell:Creating environment hook '/home/abhijeet/home/abhijeet/ros2_ws/src/install/rover_sw_pwrtrain/share/rover_sw_pwrtrain/hook/cmake_prefix_path.sh'
[64.763s] Level 1:colcon.colcon_core.environment:checking '/home/abhijeet/home/abhijeet/ros2_ws/src/install/rover_sw_pwrtrain/lib'
[64.764s] Level 1:colcon.colcon_core.environment:checking '/home/abhijeet/home/abhijeet/ros2_ws/src/install/rover_sw_pwrtrain/bin'
[64.764s] Level 1:colcon.colcon_core.environment:checking '/home/abhijeet/home/abhijeet/ros2_ws/src/install/rover_sw_pwrtrain/lib/pkgconfig/rover_sw_pwrtrain.pc'
[64.765s] Level 1:colcon.colcon_core.environment:checking '/home/abhijeet/home/abhijeet/ros2_ws/src/install/rover_sw_pwrtrain/lib/python3.10/site-packages'
[64.766s] Level 1:colcon.colcon_core.environment:checking '/home/abhijeet/home/abhijeet/ros2_ws/src/install/rover_sw_pwrtrain/bin'
[64.767s] INFO:colcon.colcon_core.shell:Creating package script '/home/abhijeet/home/abhijeet/ros2_ws/src/install/rover_sw_pwrtrain/share/rover_sw_pwrtrain/package.ps1'
[64.769s] INFO:colcon.colcon_core.shell:Creating package descriptor '/home/abhijeet/home/abhijeet/ros2_ws/src/install/rover_sw_pwrtrain/share/rover_sw_pwrtrain/package.dsv'
[64.770s] INFO:colcon.colcon_core.shell:Creating package script '/home/abhijeet/home/abhijeet/ros2_ws/src/install/rover_sw_pwrtrain/share/rover_sw_pwrtrain/package.sh'
[64.772s] INFO:colcon.colcon_core.shell:Creating package script '/home/abhijeet/home/abhijeet/ros2_ws/src/install/rover_sw_pwrtrain/share/rover_sw_pwrtrain/package.bash'
[64.773s] INFO:colcon.colcon_core.shell:Creating package script '/home/abhijeet/home/abhijeet/ros2_ws/src/install/rover_sw_pwrtrain/share/rover_sw_pwrtrain/package.zsh'
[64.775s] Level 1:colcon.colcon_core.environment:create_file_with_runtime_dependencies(/home/abhijeet/home/abhijeet/ros2_ws/src/install/rover_sw_pwrtrain/share/colcon-core/packages/rover_sw_pwrtrain)
[64.776s] DEBUG:colcon.colcon_parallel_executor.executor.parallel:closing loop
[64.777s] DEBUG:colcon.colcon_parallel_executor.executor.parallel:loop closed
[64.778s] DEBUG:colcon.colcon_parallel_executor.executor.parallel:run_until_complete finished with '0'
[64.778s] DEBUG:colcon.colcon_core.event_reactor:joining thread
[64.802s] INFO:colcon.colcon_core.plugin_system:Skipping extension 'colcon_notification.desktop_notification.terminal_notifier': Not used on non-Darwin systems
[64.802s] INFO:colcon.colcon_core.plugin_system:Skipping extension 'colcon_notification.desktop_notification.win32': Not used on non-Windows systems
[64.802s] INFO:colcon.colcon_notification.desktop_notification:Sending desktop notification using 'notify2'
[64.867s] DEBUG:colcon.colcon_core.event_reactor:joined thread
[64.869s] INFO:colcon.colcon_core.shell:Creating prefix script '/home/abhijeet/home/abhijeet/ros2_ws/src/install/local_setup.ps1'
[64.873s] INFO:colcon.colcon_core.shell:Creating prefix util module '/home/abhijeet/home/abhijeet/ros2_ws/src/install/_local_setup_util_ps1.py'
[64.879s] INFO:colcon.colcon_core.shell:Creating prefix chain script '/home/abhijeet/home/abhijeet/ros2_ws/src/install/setup.ps1'
[64.884s] INFO:colcon.colcon_core.shell:Creating prefix script '/home/abhijeet/home/abhijeet/ros2_ws/src/install/local_setup.sh'
[64.886s] INFO:colcon.colcon_core.shell:Creating prefix util module '/home/abhijeet/home/abhijeet/ros2_ws/src/install/_local_setup_util_sh.py'
[64.888s] INFO:colcon.colcon_core.shell:Creating prefix chain script '/home/abhijeet/home/abhijeet/ros2_ws/src/install/setup.sh'
[64.892s] INFO:colcon.colcon_core.shell:Creating prefix script '/home/abhijeet/home/abhijeet/ros2_ws/src/install/local_setup.bash'
[64.894s] INFO:colcon.colcon_core.shell:Creating prefix chain script '/home/abhijeet/home/abhijeet/ros2_ws/src/install/setup.bash'
[64.897s] INFO:colcon.colcon_core.shell:Creating prefix script '/home/abhijeet/home/abhijeet/ros2_ws/src/install/local_setup.zsh'
[64.899s] INFO:colcon.colcon_core.shell:Creating prefix chain script '/home/abhijeet/home/abhijeet/ros2_ws/src/install/setup.zsh'
