[0.017s] Invoking command in '/home/abhijeet/home/abhijeet/ros2_ws/src/build/rover_sw_pwrtrain': CMAKE_PREFIX_PATH=${CMAKE_PREFIX_PATH}:/opt/ros/humble /usr/bin/cmake /home/abhijeet/home/abhijeet/ros2_ws/src/rover_sw_pwrtrain -DCMAKE_INSTALL_PREFIX=/home/abhijeet/home/abhijeet/ros2_ws/src/install/rover_sw_pwrtrain
[0.429s] -- The C compiler identification is GNU 11.4.0
[0.553s] -- The CXX compiler identification is GNU 11.4.0
[0.582s] -- Detecting C compiler ABI info
[0.733s] -- Detecting C compiler ABI info - done
[0.746s] -- Check for working C compiler: /usr/bin/cc - skipped
[0.749s] -- Detecting C compile features
[0.751s] -- Detecting C compile features - done
[0.763s] -- Detecting CXX compiler ABI info
[0.929s] -- Detecting CXX compiler ABI info - done
[0.945s] -- Check for working CXX compiler: /usr/bin/c++ - skipped
[0.946s] -- Detecting CXX compile features
[0.948s] -- Detecting CXX compile features - done
[0.963s] -- Found ament_cmake: 1.3.12 (/opt/ros/humble/share/ament_cmake/cmake)
[1.325s] -- Found Python3: /usr/bin/python3 (found version "3.10.12") found components: Interpreter 
[1.576s] -- Found ament_cmake_ros: 0.10.0 (/opt/ros/humble/share/ament_cmake_ros/cmake)
[1.598s] -- Found rclcpp: 16.0.15 (/opt/ros/humble/share/rclcpp/cmake)
[1.684s] -- Found rosidl_generator_c: 3.1.7 (/opt/ros/humble/share/rosidl_generator_c/cmake)
[1.693s] -- Found rosidl_adapter: 3.1.7 (/opt/ros/humble/share/rosidl_adapter/cmake)
[1.708s] -- Found rosidl_generator_cpp: 3.1.7 (/opt/ros/humble/share/rosidl_generator_cpp/cmake)
[1.729s] -- Using all available rosidl_typesupport_c: rosidl_typesupport_fastrtps_c;rosidl_typesupport_introspection_c
[1.756s] -- Using all available rosidl_typesupport_cpp: rosidl_typesupport_fastrtps_cpp;rosidl_typesupport_introspection_cpp
[1.829s] -- Found rmw_implementation_cmake: 6.1.2 (/opt/ros/humble/share/rmw_implementation_cmake/cmake)
[1.833s] -- Found rmw_fastrtps_cpp: 6.2.9 (/opt/ros/humble/share/rmw_fastrtps_cpp/cmake)
[1.973s] -- Found OpenSSL: /usr/lib/aarch64-linux-gnu/libcrypto.so (found version "3.0.2")  
[2.027s] -- Found FastRTPS: /opt/ros/humble/include  
[2.092s] -- Using RMW implementation 'rmw_fastrtps_cpp' as default
[2.107s] -- Looking for pthread.h
[2.244s] -- Looking for pthread.h - found
[2.244s] -- Performing Test CMAKE_HAVE_LIBC_PTHREAD
[2.399s] -- Performing Test CMAKE_HAVE_LIBC_PTHREAD - Success
[2.402s] -- Found Threads: TRUE  
[2.731s] -- Configuring done
[2.751s] -- Generating done
[2.758s] -- Build files have been written to: /home/abhijeet/home/abhijeet/ros2_ws/src/build/rover_sw_pwrtrain
[2.779s] Invoked command in '/home/abhijeet/home/abhijeet/ros2_ws/src/build/rover_sw_pwrtrain' returned '0': CMAKE_PREFIX_PATH=${CMAKE_PREFIX_PATH}:/opt/ros/humble /usr/bin/cmake /home/abhijeet/home/abhijeet/ros2_ws/src/rover_sw_pwrtrain -DCMAKE_INSTALL_PREFIX=/home/abhijeet/home/abhijeet/ros2_ws/src/install/rover_sw_pwrtrain
[2.785s] Invoking command in '/home/abhijeet/home/abhijeet/ros2_ws/src/build/rover_sw_pwrtrain': CMAKE_PREFIX_PATH=${CMAKE_PREFIX_PATH}:/opt/ros/humble /usr/bin/cmake --build /home/abhijeet/home/abhijeet/ros2_ws/src/build/rover_sw_pwrtrain -- -j6 -l6
[2.808s] /usr/bin/cmake -S/home/abhijeet/home/abhijeet/ros2_ws/src/rover_sw_pwrtrain -B/home/abhijeet/home/abhijeet/ros2_ws/src/build/rover_sw_pwrtrain --check-build-system CMakeFiles/Makefile.cmake 0
[2.828s] /usr/bin/cmake -E cmake_progress_start /home/abhijeet/home/abhijeet/ros2_ws/src/build/rover_sw_pwrtrain/CMakeFiles /home/abhijeet/home/abhijeet/ros2_ws/src/build/rover_sw_pwrtrain//CMakeFiles/progress.marks
[2.841s] /usr/bin/gmake  -f CMakeFiles/Makefile2 all
[2.845s] gmake[1]: Entering directory '/home/abhijeet/home/abhijeet/ros2_ws/src/build/rover_sw_pwrtrain'
[2.845s] /usr/bin/gmake  -f CMakeFiles/rover_sw_pwrtrain.dir/build.make CMakeFiles/rover_sw_pwrtrain.dir/depend
[2.848s] gmake[2]: Entering directory '/home/abhijeet/home/abhijeet/ros2_ws/src/build/rover_sw_pwrtrain'
[2.848s] cd /home/abhijeet/home/abhijeet/ros2_ws/src/build/rover_sw_pwrtrain && /usr/bin/cmake -E cmake_depends "Unix Makefiles" /home/abhijeet/home/abhijeet/ros2_ws/src/rover_sw_pwrtrain /home/abhijeet/home/abhijeet/ros2_ws/src/rover_sw_pwrtrain /home/abhijeet/home/abhijeet/ros2_ws/src/build/rover_sw_pwrtrain /home/abhijeet/home/abhijeet/ros2_ws/src/build/rover_sw_pwrtrain /home/abhijeet/home/abhijeet/ros2_ws/src/build/rover_sw_pwrtrain/CMakeFiles/rover_sw_pwrtrain.dir/DependInfo.cmake --color=
[2.865s] gmake[2]: Leaving directory '/home/abhijeet/home/abhijeet/ros2_ws/src/build/rover_sw_pwrtrain'
[2.865s] /usr/bin/gmake  -f CMakeFiles/rover_sw_pwrtrain.dir/build.make CMakeFiles/rover_sw_pwrtrain.dir/build
[2.868s] gmake[2]: Entering directory '/home/abhijeet/home/abhijeet/ros2_ws/src/build/rover_sw_pwrtrain'
[2.884s] [ 57%] [32mBuilding CXX object CMakeFiles/rover_sw_pwrtrain.dir/src/ros2nodeinterface.cpp.o[0m
[2.884s] [ 57%] [32mBuilding CXX object CMakeFiles/rover_sw_pwrtrain.dir/src/slros_busmsg_conversion.cpp.o[0m
[2.885s] [ 57%] [32mBuilding C object CMakeFiles/rover_sw_pwrtrain.dir/src/vesc_uart.c.o[0m
[2.885s] [ 57%] [32mBuilding CXX object CMakeFiles/rover_sw_pwrtrain.dir/src/main.cpp.o[0m
[2.886s] /usr/bin/cc -DDEFAULT_RMW_IMPLEMENTATION=rmw_fastrtps_cpp -DRCUTILS_ENABLE_FAULT_INJECTION -DROS_PACKAGE_NAME=\"rover_sw_pwrtrain\" -I/home/abhijeet/home/abhijeet/ros2_ws/src/rover_sw_pwrtrain/include/rover_sw_pwrtrain -I/home/abhijeet/home/abhijeet/ros2_ws/src/rover_sw_pwrtrain/include -isystem /opt/ros/humble/include/rclcpp -isystem /opt/ros/humble/include/std_msgs -isystem /opt/ros/humble/include/ament_index_cpp -isystem /opt/ros/humble/include/libstatistics_collector -isystem /opt/ros/humble/include/builtin_interfaces -isystem /opt/ros/humble/include/rosidl_runtime_c -isystem /opt/ros/humble/include/rcutils -isystem /opt/ros/humble/include/rosidl_typesupport_interface -isystem /opt/ros/humble/include/fastcdr -isystem /opt/ros/humble/include/rosidl_runtime_cpp -isystem /opt/ros/humble/include/rosidl_typesupport_fastrtps_cpp -isystem /opt/ros/humble/include/rmw -isystem /opt/ros/humble/include/rosidl_typesupport_fastrtps_c -isystem /opt/ros/humble/include/rosidl_typesupport_introspection_c -isystem /opt/ros/humble/include/rosidl_typesupport_introspection_cpp -isystem /opt/ros/humble/include/rcl -isystem /opt/ros/humble/include/rcl_interfaces -isystem /opt/ros/humble/include/rcl_logging_interface -isystem /opt/ros/humble/include/rcl_yaml_param_parser -isystem /opt/ros/humble/include/libyaml_vendor -isystem /opt/ros/humble/include/tracetools -isystem /opt/ros/humble/include/rcpputils -isystem /opt/ros/humble/include/statistics_msgs -isystem /opt/ros/humble/include/rosgraph_msgs -isystem /opt/ros/humble/include/rosidl_typesupport_cpp -isystem /opt/ros/humble/include/rosidl_typesupport_c -O3 -DNDEBUG -Wall -Wextra -Wpedantic -DMODEL=rover_sw_pwrtrain -DNUMST=1 -DNCSTATES=0 -DHAVESTDIO -DMODEL_HAS_DYNAMICALLY_LOADED_SFCNS=0 -DCLASSIC_INTERFACE=0 -DALLOCATIONFCN=0 -DTID01EQ=0 -DONESTEPFCN=1 -DTERMFCN=1 -DMULTI_INSTANCE_CODE=1 -DINTEGER_CODE=0 -DMT=0 -DROS2_PROJECT -DSTACK_SIZE=64 -D__MW_TARGET_USE_HARDWARE_RESOURCES_H__ -DRT=RT -fpermissive -std=gnu99 -MD -MT CMakeFiles/rover_sw_pwrtrain.dir/src/vesc_uart.c.o -MF CMakeFiles/rover_sw_pwrtrain.dir/src/vesc_uart.c.o.d -o CMakeFiles/rover_sw_pwrtrain.dir/src/vesc_uart.c.o -c /home/abhijeet/home/abhijeet/ros2_ws/src/rover_sw_pwrtrain/src/vesc_uart.c
[2.887s] /usr/bin/c++ -DDEFAULT_RMW_IMPLEMENTATION=rmw_fastrtps_cpp -DRCUTILS_ENABLE_FAULT_INJECTION -DROS_PACKAGE_NAME=\"rover_sw_pwrtrain\" -I/home/abhijeet/home/abhijeet/ros2_ws/src/rover_sw_pwrtrain/include/rover_sw_pwrtrain -I/home/abhijeet/home/abhijeet/ros2_ws/src/rover_sw_pwrtrain/include -isystem /opt/ros/humble/include/rclcpp -isystem /opt/ros/humble/include/std_msgs -isystem /opt/ros/humble/include/ament_index_cpp -isystem /opt/ros/humble/include/libstatistics_collector -isystem /opt/ros/humble/include/builtin_interfaces -isystem /opt/ros/humble/include/rosidl_runtime_c -isystem /opt/ros/humble/include/rcutils -isystem /opt/ros/humble/include/rosidl_typesupport_interface -isystem /opt/ros/humble/include/fastcdr -isystem /opt/ros/humble/include/rosidl_runtime_cpp -isystem /opt/ros/humble/include/rosidl_typesupport_fastrtps_cpp -isystem /opt/ros/humble/include/rmw -isystem /opt/ros/humble/include/rosidl_typesupport_fastrtps_c -isystem /opt/ros/humble/include/rosidl_typesupport_introspection_c -isystem /opt/ros/humble/include/rosidl_typesupport_introspection_cpp -isystem /opt/ros/humble/include/rcl -isystem /opt/ros/humble/include/rcl_interfaces -isystem /opt/ros/humble/include/rcl_logging_interface -isystem /opt/ros/humble/include/rcl_yaml_param_parser -isystem /opt/ros/humble/include/libyaml_vendor -isystem /opt/ros/humble/include/tracetools -isystem /opt/ros/humble/include/rcpputils -isystem /opt/ros/humble/include/statistics_msgs -isystem /opt/ros/humble/include/rosgraph_msgs -isystem /opt/ros/humble/include/rosidl_typesupport_cpp -isystem /opt/ros/humble/include/rosidl_typesupport_c -O3 -DNDEBUG -Wall -Wextra -Wpedantic -DMODEL=rover_sw_pwrtrain -DNUMST=1 -DNCSTATES=0 -DHAVESTDIO -DMODEL_HAS_DYNAMICALLY_LOADED_SFCNS=0 -DCLASSIC_INTERFACE=0 -DALLOCATIONFCN=0 -DTID01EQ=0 -DONESTEPFCN=1 -DTERMFCN=1 -DMULTI_INSTANCE_CODE=1 -DINTEGER_CODE=0 -DMT=0 -DROS2_PROJECT -DSTACK_SIZE=64 -D__MW_TARGET_USE_HARDWARE_RESOURCES_H__ -DRT=RT -fpermissive -MD -MT CMakeFiles/rover_sw_pwrtrain.dir/src/slros_busmsg_conversion.cpp.o -MF CMakeFiles/rover_sw_pwrtrain.dir/src/slros_busmsg_conversion.cpp.o.d -o CMakeFiles/rover_sw_pwrtrain.dir/src/slros_busmsg_conversion.cpp.o -c /home/abhijeet/home/abhijeet/ros2_ws/src/rover_sw_pwrtrain/src/slros_busmsg_conversion.cpp
[2.887s] /usr/bin/c++ -DDEFAULT_RMW_IMPLEMENTATION=rmw_fastrtps_cpp -DRCUTILS_ENABLE_FAULT_INJECTION -DROS_PACKAGE_NAME=\"rover_sw_pwrtrain\" -I/home/abhijeet/home/abhijeet/ros2_ws/src/rover_sw_pwrtrain/include/rover_sw_pwrtrain -I/home/abhijeet/home/abhijeet/ros2_ws/src/rover_sw_pwrtrain/include -isystem /opt/ros/humble/include/rclcpp -isystem /opt/ros/humble/include/std_msgs -isystem /opt/ros/humble/include/ament_index_cpp -isystem /opt/ros/humble/include/libstatistics_collector -isystem /opt/ros/humble/include/builtin_interfaces -isystem /opt/ros/humble/include/rosidl_runtime_c -isystem /opt/ros/humble/include/rcutils -isystem /opt/ros/humble/include/rosidl_typesupport_interface -isystem /opt/ros/humble/include/fastcdr -isystem /opt/ros/humble/include/rosidl_runtime_cpp -isystem /opt/ros/humble/include/rosidl_typesupport_fastrtps_cpp -isystem /opt/ros/humble/include/rmw -isystem /opt/ros/humble/include/rosidl_typesupport_fastrtps_c -isystem /opt/ros/humble/include/rosidl_typesupport_introspection_c -isystem /opt/ros/humble/include/rosidl_typesupport_introspection_cpp -isystem /opt/ros/humble/include/rcl -isystem /opt/ros/humble/include/rcl_interfaces -isystem /opt/ros/humble/include/rcl_logging_interface -isystem /opt/ros/humble/include/rcl_yaml_param_parser -isystem /opt/ros/humble/include/libyaml_vendor -isystem /opt/ros/humble/include/tracetools -isystem /opt/ros/humble/include/rcpputils -isystem /opt/ros/humble/include/statistics_msgs -isystem /opt/ros/humble/include/rosgraph_msgs -isystem /opt/ros/humble/include/rosidl_typesupport_cpp -isystem /opt/ros/humble/include/rosidl_typesupport_c -O3 -DNDEBUG -Wall -Wextra -Wpedantic -DMODEL=rover_sw_pwrtrain -DNUMST=1 -DNCSTATES=0 -DHAVESTDIO -DMODEL_HAS_DYNAMICALLY_LOADED_SFCNS=0 -DCLASSIC_INTERFACE=0 -DALLOCATIONFCN=0 -DTID01EQ=0 -DONESTEPFCN=1 -DTERMFCN=1 -DMULTI_INSTANCE_CODE=1 -DINTEGER_CODE=0 -DMT=0 -DROS2_PROJECT -DSTACK_SIZE=64 -D__MW_TARGET_USE_HARDWARE_RESOURCES_H__ -DRT=RT -fpermissive -MD -MT CMakeFiles/rover_sw_pwrtrain.dir/src/ros2nodeinterface.cpp.o -MF CMakeFiles/rover_sw_pwrtrain.dir/src/ros2nodeinterface.cpp.o.d -o CMakeFiles/rover_sw_pwrtrain.dir/src/ros2nodeinterface.cpp.o -c /home/abhijeet/home/abhijeet/ros2_ws/src/rover_sw_pwrtrain/src/ros2nodeinterface.cpp
[2.888s] [ 71%] [32mBuilding CXX object CMakeFiles/rover_sw_pwrtrain.dir/src/rover_sw_pwrtrain.cpp.o[0m
[2.890s] /usr/bin/c++ -DDEFAULT_RMW_IMPLEMENTATION=rmw_fastrtps_cpp -DRCUTILS_ENABLE_FAULT_INJECTION -DROS_PACKAGE_NAME=\"rover_sw_pwrtrain\" -I/home/abhijeet/home/abhijeet/ros2_ws/src/rover_sw_pwrtrain/include/rover_sw_pwrtrain -I/home/abhijeet/home/abhijeet/ros2_ws/src/rover_sw_pwrtrain/include -isystem /opt/ros/humble/include/rclcpp -isystem /opt/ros/humble/include/std_msgs -isystem /opt/ros/humble/include/ament_index_cpp -isystem /opt/ros/humble/include/libstatistics_collector -isystem /opt/ros/humble/include/builtin_interfaces -isystem /opt/ros/humble/include/rosidl_runtime_c -isystem /opt/ros/humble/include/rcutils -isystem /opt/ros/humble/include/rosidl_typesupport_interface -isystem /opt/ros/humble/include/fastcdr -isystem /opt/ros/humble/include/rosidl_runtime_cpp -isystem /opt/ros/humble/include/rosidl_typesupport_fastrtps_cpp -isystem /opt/ros/humble/include/rmw -isystem /opt/ros/humble/include/rosidl_typesupport_fastrtps_c -isystem /opt/ros/humble/include/rosidl_typesupport_introspection_c -isystem /opt/ros/humble/include/rosidl_typesupport_introspection_cpp -isystem /opt/ros/humble/include/rcl -isystem /opt/ros/humble/include/rcl_interfaces -isystem /opt/ros/humble/include/rcl_logging_interface -isystem /opt/ros/humble/include/rcl_yaml_param_parser -isystem /opt/ros/humble/include/libyaml_vendor -isystem /opt/ros/humble/include/tracetools -isystem /opt/ros/humble/include/rcpputils -isystem /opt/ros/humble/include/statistics_msgs -isystem /opt/ros/humble/include/rosgraph_msgs -isystem /opt/ros/humble/include/rosidl_typesupport_cpp -isystem /opt/ros/humble/include/rosidl_typesupport_c -O3 -DNDEBUG -Wall -Wextra -Wpedantic -DMODEL=rover_sw_pwrtrain -DNUMST=1 -DNCSTATES=0 -DHAVESTDIO -DMODEL_HAS_DYNAMICALLY_LOADED_SFCNS=0 -DCLASSIC_INTERFACE=0 -DALLOCATIONFCN=0 -DTID01EQ=0 -DONESTEPFCN=1 -DTERMFCN=1 -DMULTI_INSTANCE_CODE=1 -DINTEGER_CODE=0 -DMT=0 -DROS2_PROJECT -DSTACK_SIZE=64 -D__MW_TARGET_USE_HARDWARE_RESOURCES_H__ -DRT=RT -fpermissive -MD -MT CMakeFiles/rover_sw_pwrtrain.dir/src/main.cpp.o -MF CMakeFiles/rover_sw_pwrtrain.dir/src/main.cpp.o.d -o CMakeFiles/rover_sw_pwrtrain.dir/src/main.cpp.o -c /home/abhijeet/home/abhijeet/ros2_ws/src/rover_sw_pwrtrain/src/main.cpp
[2.890s] /usr/bin/c++ -DDEFAULT_RMW_IMPLEMENTATION=rmw_fastrtps_cpp -DRCUTILS_ENABLE_FAULT_INJECTION -DROS_PACKAGE_NAME=\"rover_sw_pwrtrain\" -I/home/abhijeet/home/abhijeet/ros2_ws/src/rover_sw_pwrtrain/include/rover_sw_pwrtrain -I/home/abhijeet/home/abhijeet/ros2_ws/src/rover_sw_pwrtrain/include -isystem /opt/ros/humble/include/rclcpp -isystem /opt/ros/humble/include/std_msgs -isystem /opt/ros/humble/include/ament_index_cpp -isystem /opt/ros/humble/include/libstatistics_collector -isystem /opt/ros/humble/include/builtin_interfaces -isystem /opt/ros/humble/include/rosidl_runtime_c -isystem /opt/ros/humble/include/rcutils -isystem /opt/ros/humble/include/rosidl_typesupport_interface -isystem /opt/ros/humble/include/fastcdr -isystem /opt/ros/humble/include/rosidl_runtime_cpp -isystem /opt/ros/humble/include/rosidl_typesupport_fastrtps_cpp -isystem /opt/ros/humble/include/rmw -isystem /opt/ros/humble/include/rosidl_typesupport_fastrtps_c -isystem /opt/ros/humble/include/rosidl_typesupport_introspection_c -isystem /opt/ros/humble/include/rosidl_typesupport_introspection_cpp -isystem /opt/ros/humble/include/rcl -isystem /opt/ros/humble/include/rcl_interfaces -isystem /opt/ros/humble/include/rcl_logging_interface -isystem /opt/ros/humble/include/rcl_yaml_param_parser -isystem /opt/ros/humble/include/libyaml_vendor -isystem /opt/ros/humble/include/tracetools -isystem /opt/ros/humble/include/rcpputils -isystem /opt/ros/humble/include/statistics_msgs -isystem /opt/ros/humble/include/rosgraph_msgs -isystem /opt/ros/humble/include/rosidl_typesupport_cpp -isystem /opt/ros/humble/include/rosidl_typesupport_c -O3 -DNDEBUG -Wall -Wextra -Wpedantic -DMODEL=rover_sw_pwrtrain -DNUMST=1 -DNCSTATES=0 -DHAVESTDIO -DMODEL_HAS_DYNAMICALLY_LOADED_SFCNS=0 -DCLASSIC_INTERFACE=0 -DALLOCATIONFCN=0 -DTID01EQ=0 -DONESTEPFCN=1 -DTERMFCN=1 -DMULTI_INSTANCE_CODE=1 -DINTEGER_CODE=0 -DMT=0 -DROS2_PROJECT -DSTACK_SIZE=64 -D__MW_TARGET_USE_HARDWARE_RESOURCES_H__ -DRT=RT -fpermissive -MD -MT CMakeFiles/rover_sw_pwrtrain.dir/src/rover_sw_pwrtrain.cpp.o -MF CMakeFiles/rover_sw_pwrtrain.dir/src/rover_sw_pwrtrain.cpp.o.d -o CMakeFiles/rover_sw_pwrtrain.dir/src/rover_sw_pwrtrain.cpp.o -c /home/abhijeet/home/abhijeet/ros2_ws/src/rover_sw_pwrtrain/src/rover_sw_pwrtrain.cpp
[2.891s] [ 85%] [32mBuilding CXX object CMakeFiles/rover_sw_pwrtrain.dir/src/slros2_initialize.cpp.o[0m
[2.894s] /usr/bin/c++ -DDEFAULT_RMW_IMPLEMENTATION=rmw_fastrtps_cpp -DRCUTILS_ENABLE_FAULT_INJECTION -DROS_PACKAGE_NAME=\"rover_sw_pwrtrain\" -I/home/abhijeet/home/abhijeet/ros2_ws/src/rover_sw_pwrtrain/include/rover_sw_pwrtrain -I/home/abhijeet/home/abhijeet/ros2_ws/src/rover_sw_pwrtrain/include -isystem /opt/ros/humble/include/rclcpp -isystem /opt/ros/humble/include/std_msgs -isystem /opt/ros/humble/include/ament_index_cpp -isystem /opt/ros/humble/include/libstatistics_collector -isystem /opt/ros/humble/include/builtin_interfaces -isystem /opt/ros/humble/include/rosidl_runtime_c -isystem /opt/ros/humble/include/rcutils -isystem /opt/ros/humble/include/rosidl_typesupport_interface -isystem /opt/ros/humble/include/fastcdr -isystem /opt/ros/humble/include/rosidl_runtime_cpp -isystem /opt/ros/humble/include/rosidl_typesupport_fastrtps_cpp -isystem /opt/ros/humble/include/rmw -isystem /opt/ros/humble/include/rosidl_typesupport_fastrtps_c -isystem /opt/ros/humble/include/rosidl_typesupport_introspection_c -isystem /opt/ros/humble/include/rosidl_typesupport_introspection_cpp -isystem /opt/ros/humble/include/rcl -isystem /opt/ros/humble/include/rcl_interfaces -isystem /opt/ros/humble/include/rcl_logging_interface -isystem /opt/ros/humble/include/rcl_yaml_param_parser -isystem /opt/ros/humble/include/libyaml_vendor -isystem /opt/ros/humble/include/tracetools -isystem /opt/ros/humble/include/rcpputils -isystem /opt/ros/humble/include/statistics_msgs -isystem /opt/ros/humble/include/rosgraph_msgs -isystem /opt/ros/humble/include/rosidl_typesupport_cpp -isystem /opt/ros/humble/include/rosidl_typesupport_c -O3 -DNDEBUG -Wall -Wextra -Wpedantic -DMODEL=rover_sw_pwrtrain -DNUMST=1 -DNCSTATES=0 -DHAVESTDIO -DMODEL_HAS_DYNAMICALLY_LOADED_SFCNS=0 -DCLASSIC_INTERFACE=0 -DALLOCATIONFCN=0 -DTID01EQ=0 -DONESTEPFCN=1 -DTERMFCN=1 -DMULTI_INSTANCE_CODE=1 -DINTEGER_CODE=0 -DMT=0 -DROS2_PROJECT -DSTACK_SIZE=64 -D__MW_TARGET_USE_HARDWARE_RESOURCES_H__ -DRT=RT -fpermissive -MD -MT CMakeFiles/rover_sw_pwrtrain.dir/src/slros2_initialize.cpp.o -MF CMakeFiles/rover_sw_pwrtrain.dir/src/slros2_initialize.cpp.o.d -o CMakeFiles/rover_sw_pwrtrain.dir/src/slros2_initialize.cpp.o -c /home/abhijeet/home/abhijeet/ros2_ws/src/rover_sw_pwrtrain/src/slros2_initialize.cpp
[2.905s] [01m[Kcc1:[m[K [01;35m[Kwarning: [m[Kcommand-line option ‘[01m[K-fpermissive[m[K’ is valid for C++/ObjC++ but not for C
[2.976s] [01m[K/home/abhijeet/home/abhijeet/ros2_ws/src/rover_sw_pwrtrain/src/vesc_uart.c:[m[K In function ‘[01m[Kvesc_send_payload_fd[m[K’:
[2.976s] [01m[K/home/abhijeet/home/abhijeet/ros2_ws/src/rover_sw_pwrtrain/src/vesc_uart.c:128:13:[m[K [01;35m[Kwarning: [m[Kcomparison is always false due to limited range of data type [[01;35m[K]8;;https://gcc.gnu.org/onlinedocs/gcc/Warning-Options.html#index-Wtype-limits-Wtype-limits]8;;[m[K]
[2.976s]   128 |     if (len [01;35m[K>[m[K 256) {
[2.976s]       |             [01;35m[K^[m[K
[2.981s] [01m[K/home/abhijeet/home/abhijeet/ros2_ws/src/rover_sw_pwrtrain/src/vesc_uart.c:[m[K In function ‘[01m[Kvesc_read_payload_fd[m[K’:
[2.982s] [01m[K/home/abhijeet/home/abhijeet/ros2_ws/src/rover_sw_pwrtrain/src/vesc_uart.c:176:9:[m[K [01;35m[Kwarning: [m[Kignoring return value of ‘[01m[Kread[m[K’ declared with attribute ‘[01m[Kwarn_unused_result[m[K’ [[01;35m[K]8;;https://gcc.gnu.org/onlinedocs/gcc/Warning-Options.html#index-Wunused-result-Wunused-result]8;;[m[K]
[2.982s]   176 |         [01;35m[Kread(fd, dump, sizeof(dump))[m[K;
[2.982s]       |         [01;35m[K^~~~~~~~~~~~~~~~~~~~~~~~~~~~[m[K
[33.511s] [100%] [32m[1mLinking CXX executable rover_sw_pwrtrain[0m
[33.513s] /usr/bin/cmake -E cmake_link_script CMakeFiles/rover_sw_pwrtrain.dir/link.txt --verbose=1
[33.530s] /usr/bin/c++ -O3 -DNDEBUG CMakeFiles/rover_sw_pwrtrain.dir/src/main.cpp.o CMakeFiles/rover_sw_pwrtrain.dir/src/ros2nodeinterface.cpp.o CMakeFiles/rover_sw_pwrtrain.dir/src/rover_sw_pwrtrain.cpp.o CMakeFiles/rover_sw_pwrtrain.dir/src/slros2_initialize.cpp.o CMakeFiles/rover_sw_pwrtrain.dir/src/slros_busmsg_conversion.cpp.o CMakeFiles/rover_sw_pwrtrain.dir/src/vesc_uart.c.o -o rover_sw_pwrtrain  -Wl,-rpath,/home/abhijeet/home/abhijeet/ros2_ws/src/install/rover_sw_pwrtrain/lib:/opt/ros/humble/lib /opt/ros/humble/lib/librclcpp.so /opt/ros/humble/lib/libstd_msgs__rosidl_typesupport_fastrtps_c.so /opt/ros/humble/lib/libstd_msgs__rosidl_typesupport_fastrtps_cpp.so /opt/ros/humble/lib/libstd_msgs__rosidl_typesupport_introspection_c.so /opt/ros/humble/lib/libstd_msgs__rosidl_typesupport_introspection_cpp.so /opt/ros/humble/lib/libstd_msgs__rosidl_typesupport_cpp.so /opt/ros/humble/lib/libstd_msgs__rosidl_generator_py.so -ldl /opt/ros/humble/lib/liblibstatistics_collector.so /opt/ros/humble/lib/librcl.so /opt/ros/humble/lib/librmw_implementation.so /opt/ros/humble/lib/libament_index_cpp.so /opt/ros/humble/lib/librcl_logging_spdlog.so /opt/ros/humble/lib/librcl_logging_interface.so /opt/ros/humble/lib/librcl_interfaces__rosidl_typesupport_fastrtps_c.so /opt/ros/humble/lib/librcl_interfaces__rosidl_typesupport_introspection_c.so /opt/ros/humble/lib/librcl_interfaces__rosidl_typesupport_fastrtps_cpp.so /opt/ros/humble/lib/librcl_interfaces__rosidl_typesupport_introspection_cpp.so /opt/ros/humble/lib/librcl_interfaces__rosidl_typesupport_cpp.so /opt/ros/humble/lib/librcl_interfaces__rosidl_generator_py.so /opt/ros/humble/lib/librcl_interfaces__rosidl_typesupport_c.so /opt/ros/humble/lib/librcl_interfaces__rosidl_generator_c.so /opt/ros/humble/lib/librcl_yaml_param_parser.so /opt/ros/humble/lib/libyaml.so /opt/ros/humble/lib/librosgraph_msgs__rosidl_typesupport_fastrtps_c.so /opt/ros/humble/lib/librosgraph_msgs__rosidl_typesupport_fastrtps_cpp.so /opt/ros/humble/lib/librosgraph_msgs__rosidl_typesupport_introspection_c.so /opt/ros/humble/lib/librosgraph_msgs__rosidl_typesupport_introspection_cpp.so /opt/ros/humble/lib/librosgraph_msgs__rosidl_typesupport_cpp.so /opt/ros/humble/lib/librosgraph_msgs__rosidl_generator_py.so /opt/ros/humble/lib/librosgraph_msgs__rosidl_typesupport_c.so /opt/ros/humble/lib/librosgraph_msgs__rosidl_generator_c.so /opt/ros/humble/lib/libstatistics_msgs__rosidl_typesupport_fastrtps_c.so /opt/ros/humble/lib/libstatistics_msgs__rosidl_typesupport_fastrtps_cpp.so /opt/ros/humble/lib/libstatistics_msgs__rosidl_typesupport_introspection_c.so /opt/ros/humble/lib/libstatistics_msgs__rosidl_typesupport_introspection_cpp.so /opt/ros/humble/lib/libstatistics_msgs__rosidl_typesupport_cpp.so /opt/ros/humble/lib/libstatistics_msgs__rosidl_generator_py.so /opt/ros/humble/lib/libstatistics_msgs__rosidl_typesupport_c.so /opt/ros/humble/lib/libstatistics_msgs__rosidl_generator_c.so /opt/ros/humble/lib/libtracetools.so /opt/ros/humble/lib/libbuiltin_interfaces__rosidl_typesupport_fastrtps_c.so /opt/ros/humble/lib/librosidl_typesupport_fastrtps_c.so /opt/ros/humble/lib/libbuiltin_interfaces__rosidl_typesupport_fastrtps_cpp.so /opt/ros/humble/lib/librosidl_typesupport_fastrtps_cpp.so /opt/ros/humble/lib/libfastcdr.so.1.0.24 /opt/ros/humble/lib/librmw.so /opt/ros/humble/lib/libbuiltin_interfaces__rosidl_typesupport_introspection_c.so /opt/ros/humble/lib/libbuiltin_interfaces__rosidl_typesupport_introspection_cpp.so /opt/ros/humble/lib/librosidl_typesupport_introspection_cpp.so /opt/ros/humble/lib/librosidl_typesupport_introspection_c.so /opt/ros/humble/lib/libbuiltin_interfaces__rosidl_typesupport_cpp.so /opt/ros/humble/lib/librosidl_typesupport_cpp.so /opt/ros/humble/lib/libstd_msgs__rosidl_typesupport_c.so /opt/ros/humble/lib/libstd_msgs__rosidl_generator_c.so /opt/ros/humble/lib/libbuiltin_interfaces__rosidl_generator_py.so /opt/ros/humble/lib/libbuiltin_interfaces__rosidl_typesupport_c.so /opt/ros/humble/lib/libbuiltin_interfaces__rosidl_generator_c.so /opt/ros/humble/lib/librosidl_typesupport_c.so /opt/ros/humble/lib/librcpputils.so /opt/ros/humble/lib/librosidl_runtime_c.so /opt/ros/humble/lib/librcutils.so -ldl /usr/lib/aarch64-linux-gnu/libpython3.10.so 
[33.835s] gmake[2]: Leaving directory '/home/abhijeet/home/abhijeet/ros2_ws/src/build/rover_sw_pwrtrain'
[33.856s] [100%] Built target rover_sw_pwrtrain
[33.859s] gmake[1]: Leaving directory '/home/abhijeet/home/abhijeet/ros2_ws/src/build/rover_sw_pwrtrain'
[33.859s] /usr/bin/cmake -E cmake_progress_start /home/abhijeet/home/abhijeet/ros2_ws/src/build/rover_sw_pwrtrain/CMakeFiles 0
[33.885s] Invoked command in '/home/abhijeet/home/abhijeet/ros2_ws/src/build/rover_sw_pwrtrain' returned '0': CMAKE_PREFIX_PATH=${CMAKE_PREFIX_PATH}:/opt/ros/humble /usr/bin/cmake --build /home/abhijeet/home/abhijeet/ros2_ws/src/build/rover_sw_pwrtrain -- -j6 -l6
[33.914s] Invoking command in '/home/abhijeet/home/abhijeet/ros2_ws/src/build/rover_sw_pwrtrain': CMAKE_PREFIX_PATH=${CMAKE_PREFIX_PATH}:/opt/ros/humble /usr/bin/cmake --install /home/abhijeet/home/abhijeet/ros2_ws/src/build/rover_sw_pwrtrain
[33.933s] -- Install configuration: "Release"
[33.933s] -- Installing: /home/abhijeet/home/abhijeet/ros2_ws/src/install/rover_sw_pwrtrain/lib/rover_sw_pwrtrain/rover_sw_pwrtrain
[33.938s] -- Installing: /home/abhijeet/home/abhijeet/ros2_ws/src/install/rover_sw_pwrtrain/share/ament_index/resource_index/package_run_dependencies/rover_sw_pwrtrain
[33.939s] -- Installing: /home/abhijeet/home/abhijeet/ros2_ws/src/install/rover_sw_pwrtrain/share/ament_index/resource_index/parent_prefix_path/rover_sw_pwrtrain
[33.940s] -- Up-to-date: /home/abhijeet/home/abhijeet/ros2_ws/src/install/rover_sw_pwrtrain/share/rover_sw_pwrtrain/environment/ament_prefix_path.sh
[33.940s] -- Installing: /home/abhijeet/home/abhijeet/ros2_ws/src/install/rover_sw_pwrtrain/share/rover_sw_pwrtrain/environment/ament_prefix_path.dsv
[33.941s] -- Up-to-date: /home/abhijeet/home/abhijeet/ros2_ws/src/install/rover_sw_pwrtrain/share/rover_sw_pwrtrain/environment/path.sh
[33.941s] -- Installing: /home/abhijeet/home/abhijeet/ros2_ws/src/install/rover_sw_pwrtrain/share/rover_sw_pwrtrain/environment/path.dsv
[33.941s] -- Installing: /home/abhijeet/home/abhijeet/ros2_ws/src/install/rover_sw_pwrtrain/share/rover_sw_pwrtrain/local_setup.bash
[33.942s] -- Installing: /home/abhijeet/home/abhijeet/ros2_ws/src/install/rover_sw_pwrtrain/share/rover_sw_pwrtrain/local_setup.sh
[33.942s] -- Installing: /home/abhijeet/home/abhijeet/ros2_ws/src/install/rover_sw_pwrtrain/share/rover_sw_pwrtrain/local_setup.zsh
[33.942s] -- Installing: /home/abhijeet/home/abhijeet/ros2_ws/src/install/rover_sw_pwrtrain/share/rover_sw_pwrtrain/local_setup.dsv
[33.942s] -- Installing: /home/abhijeet/home/abhijeet/ros2_ws/src/install/rover_sw_pwrtrain/share/rover_sw_pwrtrain/package.dsv
[33.943s] -- Installing: /home/abhijeet/home/abhijeet/ros2_ws/src/install/rover_sw_pwrtrain/share/ament_index/resource_index/packages/rover_sw_pwrtrain
[33.943s] -- Installing: /home/abhijeet/home/abhijeet/ros2_ws/src/install/rover_sw_pwrtrain/share/rover_sw_pwrtrain/cmake/ament_cmake_export_include_directories-extras.cmake
[33.943s] -- Installing: /home/abhijeet/home/abhijeet/ros2_ws/src/install/rover_sw_pwrtrain/share/rover_sw_pwrtrain/cmake/rover_sw_pwrtrainConfig.cmake
[33.944s] -- Installing: /home/abhijeet/home/abhijeet/ros2_ws/src/install/rover_sw_pwrtrain/share/rover_sw_pwrtrain/cmake/rover_sw_pwrtrainConfig-version.cmake
[33.944s] -- Up-to-date: /home/abhijeet/home/abhijeet/ros2_ws/src/install/rover_sw_pwrtrain/share/rover_sw_pwrtrain/package.xml
[33.950s] Invoked command in '/home/abhijeet/home/abhijeet/ros2_ws/src/build/rover_sw_pwrtrain' returned '0': CMAKE_PREFIX_PATH=${CMAKE_PREFIX_PATH}:/opt/ros/humble /usr/bin/cmake --install /home/abhijeet/home/abhijeet/ros2_ws/src/build/rover_sw_pwrtrain
